Archive member included because of file (symbol)

C:\Users\mk\AppData\Local\Temp\VMBuilds\ArduinoReadSDCard\mzero_bl\Debug/core.a(cortex_handlers.c.o)
                              (Reset_Handler)
C:\Users\mk\AppData\Local\Temp\VMBuilds\ArduinoReadSDCard\mzero_bl\Debug/core.a(delay.c.o)
                              C:\Users\mk\AppData\Local\Temp\VMBuilds\ArduinoReadSDCard\mzero_bl\Debug\SD\utility\Sd2Card.cpp.o (millis)
C:\Users\mk\AppData\Local\Temp\VMBuilds\ArduinoReadSDCard\mzero_bl\Debug/core.a(hooks.c.o)
                              C:\Users\mk\AppData\Local\Temp\VMBuilds\ArduinoReadSDCard\mzero_bl\Debug/core.a(delay.c.o) (yield)
C:\Users\mk\AppData\Local\Temp\VMBuilds\ArduinoReadSDCard\mzero_bl\Debug/core.a(startup.c.o)
                              C:\Users\mk\AppData\Local\Temp\VMBuilds\ArduinoReadSDCard\mzero_bl\Debug/core.a(cortex_handlers.c.o) (SystemInit)
C:\Users\mk\AppData\Local\Temp\VMBuilds\ArduinoReadSDCard\mzero_bl\Debug/core.a(wiring.c.o)
                              C:\Users\mk\AppData\Local\Temp\VMBuilds\ArduinoReadSDCard\mzero_bl\Debug/core.a(startup.c.o) (SystemCoreClock)
C:\Users\mk\AppData\Local\Temp\VMBuilds\ArduinoReadSDCard\mzero_bl\Debug/core.a(wiring_analog.c.o)
                              C:\Users\mk\AppData\Local\Temp\VMBuilds\ArduinoReadSDCard\mzero_bl\Debug/core.a(wiring.c.o) (analogReference)
C:\Users\mk\AppData\Local\Temp\VMBuilds\ArduinoReadSDCard\mzero_bl\Debug/core.a(wiring_digital.c.o)
                              C:\Users\mk\AppData\Local\Temp\VMBuilds\ArduinoReadSDCard\mzero_bl\Debug\SD\utility\Sd2Card.cpp.o (pinMode)
C:\Users\mk\AppData\Local\Temp\VMBuilds\ArduinoReadSDCard\mzero_bl\Debug/core.a(wiring_private.c.o)
                              C:\Users\mk\AppData\Local\Temp\VMBuilds\ArduinoReadSDCard\mzero_bl\Debug\SPI\SPI.cpp.o (pinPeripheral)
C:\Users\mk\AppData\Local\Temp\VMBuilds\ArduinoReadSDCard\mzero_bl\Debug/core.a(abi.cpp.o)
                              C:\Users\mk\AppData\Local\Temp\VMBuilds\ArduinoReadSDCard\mzero_bl\Debug\SD\File.cpp.o (__cxa_pure_virtual)
C:\Users\mk\AppData\Local\Temp\VMBuilds\ArduinoReadSDCard\mzero_bl\Debug/core.a(main.cpp.o)
                              c:/users/mk/appdata/local/arduino15/packages/arduino/tools/arm-none-eabi-gcc/4.8.3-2014q1/bin/../lib/gcc/arm-none-eabi/4.8.3/../../../../arm-none-eabi/lib/armv6-m/crt0.o (main)
C:\Users\mk\AppData\Local\Temp\VMBuilds\ArduinoReadSDCard\mzero_bl\Debug/core.a(Print.cpp.o)
                              C:\Users\mk\AppData\Local\Temp\VMBuilds\ArduinoReadSDCard\mzero_bl\Debug\SD\File.cpp.o (Print::write(unsigned char const*, unsigned int))
C:\Users\mk\AppData\Local\Temp\VMBuilds\ArduinoReadSDCard\mzero_bl\Debug/core.a(Reset.cpp.o)
                              C:\Users\mk\AppData\Local\Temp\VMBuilds\ArduinoReadSDCard\mzero_bl\Debug/core.a(delay.c.o) (tickReset)
C:\Users\mk\AppData\Local\Temp\VMBuilds\ArduinoReadSDCard\mzero_bl\Debug/core.a(SERCOM.cpp.o)
                              C:\Users\mk\AppData\Local\Temp\VMBuilds\ArduinoReadSDCard\mzero_bl\Debug\variant\variant.cpp.o (SERCOM::SERCOM(Sercom*))
C:\Users\mk\AppData\Local\Temp\VMBuilds\ArduinoReadSDCard\mzero_bl\Debug/core.a(Stream.cpp.o)
                              C:\Users\mk\AppData\Local\Temp\VMBuilds\ArduinoReadSDCard\mzero_bl\Debug\ArduinoReadSDCard.cpp.o (Stream::readStringUntil(char))
C:\Users\mk\AppData\Local\Temp\VMBuilds\ArduinoReadSDCard\mzero_bl\Debug/core.a(Uart.cpp.o)
                              C:\Users\mk\AppData\Local\Temp\VMBuilds\ArduinoReadSDCard\mzero_bl\Debug\ArduinoReadSDCard.cpp.o (Uart::begin(unsigned long))
C:\Users\mk\AppData\Local\Temp\VMBuilds\ArduinoReadSDCard\mzero_bl\Debug/core.a(WString.cpp.o)
                              C:\Users\mk\AppData\Local\Temp\VMBuilds\ArduinoReadSDCard\mzero_bl\Debug\ArduinoReadSDCard.cpp.o (String::~String())
C:\Users\mk\AppData\Local\Temp\VMBuilds\ArduinoReadSDCard\mzero_bl\Debug/core.a(USBCore.cpp.o)
                              C:\Users\mk\AppData\Local\Temp\VMBuilds\ArduinoReadSDCard\mzero_bl\Debug/core.a(main.cpp.o) (USBDeviceClass::init())
C:\Users\mk\AppData\Local\Temp\VMBuilds\ArduinoReadSDCard\mzero_bl\Debug/core.a(itoa.c.o)
                              C:\Users\mk\AppData\Local\Temp\VMBuilds\ArduinoReadSDCard\mzero_bl\Debug/core.a(WString.cpp.o) (ltoa)
C:\Users\mk\AppData\Local\Temp\VMBuilds\ArduinoReadSDCard\mzero_bl\Debug/core.a(dtostrf.c.o)
                              C:\Users\mk\AppData\Local\Temp\VMBuilds\ArduinoReadSDCard\mzero_bl\Debug/core.a(WString.cpp.o) (dtostrf)
C:\Users\mk\AppData\Local\Temp\VMBuilds\ArduinoReadSDCard\mzero_bl\Debug/core.a(new.cpp.o)
                              C:\Users\mk\AppData\Local\Temp\VMBuilds\ArduinoReadSDCard\mzero_bl\Debug/core.a(USBCore.cpp.o) (operator new(unsigned int))
C:\Users\mk\AppData\Local\Temp\VMBuilds\ArduinoReadSDCard\mzero_bl\Debug/core.a(RingBuffer.cpp.o)
[...]
Memory Configuration

Name             Origin             Length             Attributes
FLASH            0x00004000         0x0003c000         xr
RAM              0x20000000         0x00008000         xrw
*default*        0x00000000         0xffffffff

Linker script and memory map

LOAD c:/users/mk/appdata/local/arduino15/packages/arduino/tools/arm-none-eabi-gcc/4.8.3-2014q1/bin/../lib/gcc/arm-none-eabi/4.8.3/armv6-m/crti.o
LOAD c:/users/mk/appdata/local/arduino15/packages/arduino/tools/arm-none-eabi-gcc/4.8.3-2014q1/bin/../lib/gcc/arm-none-eabi/4.8.3/armv6-m/crtbegin.o
LOAD c:/users/mk/appdata/local/arduino15/packages/arduino/tools/arm-none-eabi-gcc/4.8.3-2014q1/bin/../lib/gcc/arm-none-eabi/4.8.3/../../../../arm-none-eabi/lib/armv6-m/crt0.o
LOAD C:\Users\mk\AppData\Local\Temp\VMBuilds\ArduinoReadSDCard\mzero_bl\Debug\ArduinoReadSDCard.cpp.o
LOAD C:\Users\mk\AppData\Local\Temp\VMBuilds\ArduinoReadSDCard\mzero_bl\Debug\SD\File.cpp.o
LOAD C:\Users\mk\AppData\Local\Temp\VMBuilds\ArduinoReadSDCard\mzero_bl\Debug\SD\SD.cpp.o
LOAD C:\Users\mk\AppData\Local\Temp\VMBuilds\ArduinoReadSDCard\mzero_bl\Debug\SD\utility\Sd2Card.cpp.o
LOAD C:\Users\mk\AppData\Local\Temp\VMBuilds\ArduinoReadSDCard\mzero_bl\Debug\SD\utility\SdFile.cpp.o
LOAD C:\Users\mk\AppData\Local\Temp\VMBuilds\ArduinoReadSDCard\mzero_bl\Debug\SD\utility\SdVolume.cpp.o
LOAD C:\Users\mk\AppData\Local\Temp\VMBuilds\ArduinoReadSDCard\mzero_bl\Debug\SPI\SPI.cpp.o
LOAD C:\Users\mk\AppData\Local\Temp\VMBuilds\ArduinoReadSDCard\mzero_bl\Debug\variant\variant.cpp.o
START GROUP
LOAD C:\Users\mk\AppData\Local\arduino15\packages\arduino\tools\CMSIS\4.5.0/CMSIS/Lib/GCC/\libarm_cortexM0l_math.a
LOAD c:/users/mk/appdata/local/arduino15/packages/arduino/tools/arm-none-eabi-gcc/4.8.3-2014q1/bin/../lib/gcc/arm-none-eabi/4.8.3/../../../../arm-none-eabi/lib/armv6-m\libm.a
LOAD C:\Users\mk\AppData\Local\Temp\VMBuilds\ArduinoReadSDCard\mzero_bl\Debug/core.a
END GROUP
START GROUP
LOAD c:/users/mk/appdata/local/arduino15/packages/arduino/tools/arm-none-eabi-gcc/4.8.3-2014q1/bin/../lib/gcc/arm-none-eabi/4.8.3/armv6-m\libgcc.a
LOAD c:/users/mk/appdata/local/arduino15/packages/arduino/tools/arm-none-eabi-gcc/4.8.3-2014q1/bin/../lib/gcc/arm-none-eabi/4.8.3/../../../../arm-none-eabi/lib/armv6-m\libc_s.a
END GROUP
START GROUP
LOAD c:/users/mk/appdata/local/arduino15/packages/arduino/tools/arm-none-eabi-gcc/4.8.3-2014q1/bin/../lib/gcc/arm-none-eabi/4.8.3/armv6-m\libgcc.a
LOAD c:/users/mk/appdata/local/arduino15/packages/arduino/tools/arm-none-eabi-gcc/4.8.3-2014q1/bin/../lib/gcc/arm-none-eabi/4.8.3/../../../../arm-none-eabi/lib/armv6-m\libc_s.a
LOAD c:/users/mk/appdata/local/arduino15/packages/arduino/tools/arm-none-eabi-gcc/4.8.3-2014q1/bin/../lib/gcc/arm-none-eabi/4.8.3/../../../../arm-none-eabi/lib/armv6-m\libnosys.a
END GROUP
START GROUP
LOAD c:/users/mk/appdata/local/arduino15/packages/arduino/tools/arm-none-eabi-gcc/4.8.3-2014q1/bin/../lib/gcc/arm-none-eabi/4.8.3/armv6-m\libgcc.a
LOAD c:/users/mk/appdata/local/arduino15/packages/arduino/tools/arm-none-eabi-gcc/4.8.3-2014q1/bin/../lib/gcc/arm-none-eabi/4.8.3/../../../../arm-none-eabi/lib/armv6-m\libc_s.a
LOAD c:/users/mk/appdata/local/arduino15/packages/arduino/tools/arm-none-eabi-gcc/4.8.3-2014q1/bin/../lib/gcc/arm-none-eabi/4.8.3/../../../../arm-none-eabi/lib/armv6-m\libnosys.a
END GROUP
LOAD c:/users/mk/appdata/local/arduino15/packages/arduino/tools/arm-none-eabi-gcc/4.8.3-2014q1/bin/../lib/gcc/arm-none-eabi/4.8.3/armv6-m/crtend.o
LOAD c:/users/mk/appdata/local/arduino15/packages/arduino/tools/arm-none-eabi-gcc/4.8.3-2014q1/bin/../lib/gcc/arm-none-eabi/4.8.3/armv6-m/crtn.o

.text           0x00004000     0x4c38
                0x00004000                __text_start__ = .
 *(.isr_vector)
 .isr_vector    0x00004000       0xb4 C:\Users\mk\AppData\Local\Temp\VMBuilds\ArduinoReadSDCard\mzero_bl\Debug/core.a(cortex_handlers.c.o)
                0x00004000                exception_table
 *(.text*)
 .text          0x000040b4       0x60 c:/users/mk/appdata/local/arduino15/packages/arduino/tools/arm-none-eabi-gcc/4.8.3-2014q1/bin/../lib/gcc/arm-none-eabi/4.8.3/armv6-m/crtbegin.o
 .text.__tcf_1  0x00004114       0x20 C:\Users\mk\AppData\Local\Temp\VMBuilds\ArduinoReadSDCard\mzero_bl\Debug\ArduinoReadSDCard.cpp.o
 .text.__tcf_0  0x00004134       0x20 C:\Users\mk\AppData\Local\Temp\VMBuilds\ArduinoReadSDCard\mzero_bl\Debug\ArduinoReadSDCard.cpp.o
 .text._Z10ConvertHexc
                0x00004154       0x24 C:\Users\mk\AppData\Local\Temp\VMBuilds\ArduinoReadSDCard\mzero_bl\Debug\ArduinoReadSDCard.cpp.o
                0x00004154                ConvertHex(char)
 .text.loop     0x00004178        0x2 C:\Users\mk\AppData\Local\Temp\VMBuilds\ArduinoReadSDCard\mzero_bl\Debug\ArduinoReadSDCard.cpp.o
                0x00004178                loop
 *fill*         0x0000417a        0x2 
 .text.startup._GLOBAL__sub_I_setup
                0x0000417c       0xa0 C:\Users\mk\AppData\Local\Temp\VMBuilds\ArduinoReadSDCard\mzero_bl\Debug\ArduinoReadSDCard.cpp.o
 .text.setup    0x0000421c      0x2fc C:\Users\mk\AppData\Local\Temp\VMBuilds\ArduinoReadSDCard\mzero_bl\Debug\ArduinoReadSDCard.cpp.o
                0x0000421c                setup
 .text._ZN5Print17availableForWriteEv
                0x00004518        0x4 C:\Users\mk\AppData\Local\Temp\VMBuilds\ArduinoReadSDCard\mzero_bl\Debug\SD\File.cpp.o
                0x00004518                Print::availableForWrite()
 .text._ZN5Print5flushEv
                0x0000451c        0x2 C:\Users\mk\AppData\Local\Temp\VMBuilds\ArduinoReadSDCard\mzero_bl\Debug\SD\File.cpp.o
                0x0000451c                Print::flush()
 .text._ZN5SDLib4File5writeEh
                0x0000451e       0x14 C:\Users\mk\AppData\Local\Temp\VMBuilds\ArduinoReadSDCard\mzero_bl\Debug\SD\File.cpp.o
                0x0000451e                SDLib::File::write(unsigned char)
 .text._ZN5SDLib4File5writeEPKhj
                0x00004532       0x2a C:\Users\mk\AppData\Local\Temp\VMBuilds\ArduinoReadSDCard\mzero_bl\Debug\SD\File.cpp.o
                0x00004532                SDLib::File::write(unsigned char const*, unsigned int)
 .text._ZN5SDLib4File5flushEv
                0x0000455c        0xe C:\Users\mk\AppData\Local\Temp\VMBuilds\ArduinoReadSDCard\mzero_bl\Debug\SD\File.cpp.o
                0x0000455c                SDLib::File::flush()
 *fill*         0x0000456a        0x2 
 .text._ZN6SdFile4readEv
                0x0000456c       0x20 C:\Users\mk\AppData\Local\Temp\VMBuilds\ArduinoReadSDCard\mzero_bl\Debug\SD\File.cpp.o
                0x0000456c                SdFile::read()
 .text._ZN5SDLib4File4readEv
                0x0000458c       0x14 C:\Users\mk\AppData\Local\Temp\VMBuilds\ArduinoReadSDCard\mzero_bl\Debug\SD\File.cpp.o
                0x0000458c                SDLib::File::read()
 .text._ZN5SDLib4File4peekEv
                0x000045a0       0x22 C:\Users\mk\AppData\Local\Temp\VMBuilds\ArduinoReadSDCard\mzero_bl\Debug\SD\File.cpp.o
                0x000045a0                SDLib::File::peek()
 *fill*         0x000045c2        0x2 
 .text._ZN5SDLib4FileC2E6SdFilePKc
                0x000045c4       0x44 C:\Users\mk\AppData\Local\Temp\VMBuilds\ArduinoReadSDCard\mzero_bl\Debug\SD\File.cpp.o
                0x000045c4                SDLib::File::File(SdFile, char const*)
                0x000045c4                SDLib::File::File(SdFile, char const*)
 .text._ZN5SDLib4FileC2Ev
                0x00004608       0x1c C:\Users\mk\AppData\Local\Temp\VMBuilds\ArduinoReadSDCard\mzero_bl\Debug\SD\File.cpp.o
                0x00004608                SDLib::File::File()
                0x00004608                SDLib::File::File()
 .text._ZN5SDLib4File8positionEv
                0x00004624       0x10 C:\Users\mk\AppData\Local\Temp\VMBuilds\ArduinoReadSDCard\mzero_bl\Debug\SD\File.cpp.o
                0x00004624                SDLib::File::position()
 .text._ZN5SDLib4File4sizeEv
                0x00004634        0xa C:\Users\mk\AppData\Local\Temp\VMBuilds\ArduinoReadSDCard\mzero_bl\Debug\SD\File.cpp.o
                0x00004634                SDLib::File::size()
 *fill*         0x0000463e        0x2 
 .text._ZN5SDLib4File9availableEv
                0x00004640       0x28 C:\Users\mk\AppData\Local\Temp\VMBuilds\ArduinoReadSDCard\mzero_bl\Debug\SD\File.cpp.o
                0x00004640                SDLib::File::available()
 .text._ZN5SDLib4File5closeEv
                0x00004668       0x1a C:\Users\mk\AppData\Local\Temp\VMBuilds\ArduinoReadSDCard\mzero_bl\Debug\SD\File.cpp.o
                0x00004668                SDLib::File::close()
 .text._ZN5SDLib4FilecvbEv
                0x00004682       0x10 C:\Users\mk\AppData\Local\Temp\VMBuilds\ArduinoReadSDCard\mzero_bl\Debug\SD\File.cpp.o
                0x00004682                SDLib::File::operator bool()
 .text._ZN8SdVolume4initEP7Sd2Card
                0x00004692       0x1e C:\Users\mk\AppData\Local\Temp\VMBuilds\ArduinoReadSDCard\mzero_bl\Debug\SD\SD.cpp.o
                0x00004692                SdVolume::init(Sd2Card*)
 .text._ZN5SDLib7SDClass5beginEh
                0x000046b0       0x4a C:\Users\mk\AppData\Local\Temp\VMBuilds\ArduinoReadSDCard\mzero_bl\Debug\SD\SD.cpp.o
                0x000046b0                SDLib::SDClass::begin(unsigned char)
 *fill*         0x000046fa        0x2 
 .text._ZN6SdFileC2ERKS_
                0x000046fc       0x34 C:\Users\mk\AppData\Local\Temp\VMBuilds\ArduinoReadSDCard\mzero_bl\Debug\SD\SD.cpp.o
                0x000046fc                SdFile::SdFile(SdFile const&)
                0x000046fc                SdFile::SdFile(SdFile const&)
 .text._ZN5SDLib7SDClass12getParentDirEPKcPi
                0x00004730       0xac C:\Users\mk\AppData\Local\Temp\VMBuilds\ArduinoReadSDCard\mzero_bl\Debug\SD\SD.cpp.o
                0x00004730                SDLib::SDClass::getParentDir(char const*, int*)
 .text._ZN5SDLib7SDClass4openEPKch
                0x000047dc       0x90 C:\Users\mk\AppData\Local\Temp\VMBuilds\ArduinoReadSDCard\mzero_bl\Debug\SD\SD.cpp.o
                0x000047dc                SDLib::SDClass::open(char const*, unsigned char)
 .text.startup._GLOBAL__sub_I__ZN5SDLib20getNextPathComponentEPKcPjPc
                0x0000486c       0x2c C:\Users\mk\AppData\Local\Temp\VMBuilds\ArduinoReadSDCard\mzero_bl\Debug\SD\SD.cpp.o
 .text._ZL7spiSendh
                0x00004898       0x10 C:\Users\mk\AppData\Local\Temp\VMBuilds\ArduinoReadSDCard\mzero_bl\Debug\SD\utility\Sd2Card.cpp.o
 .text._ZL6spiRecv
                0x000048a8       0x10 C:\Users\mk\AppData\Local\Temp\VMBuilds\ArduinoReadSDCard\mzero_bl\Debug\SD\utility\Sd2Card.cpp.o
 .text._ZN7Sd2Card14chipSelectHighEv
                0x000048b8       0x28 C:\Users\mk\AppData\Local\Temp\VMBuilds\ArduinoReadSDCard\mzero_bl\Debug\SD\utility\Sd2Card.cpp.o
                0x000048b8                Sd2Card::chipSelectHigh()
 .text._ZN7Sd2Card13chipSelectLowEv
                0x000048e0       0x30 C:\Users\mk\AppData\Local\Temp\VMBuilds\ArduinoReadSDCard\mzero_bl\Debug\SD\utility\Sd2Card.cpp.o
                0x000048e0                Sd2Card::chipSelectLow()
 .text._ZN7Sd2Card7readEndEv
                0x00004910       0x2c C:\Users\mk\AppData\Local\Temp\VMBuilds\ArduinoReadSDCard\mzero_bl\Debug\SD\utility\Sd2Card.cpp.o
                0x00004910                Sd2Card::readEnd()
 .text._ZN7Sd2Card10setSckRateEh
                0x0000493c       0x6c C:\Users\mk\AppData\Local\Temp\VMBuilds\ArduinoReadSDCard\mzero_bl\Debug\SD\utility\Sd2Card.cpp.o
                0x0000493c                Sd2Card::setSckRate(unsigned char)
 .text._ZN7Sd2Card11waitNotBusyEj
                0x000049a8       0x24 C:\Users\mk\AppData\Local\Temp\VMBuilds\ArduinoReadSDCard\mzero_bl\Debug\SD\utility\Sd2Card.cpp.o
                0x000049a8                Sd2Card::waitNotBusy(unsigned int)
 .text._ZN7Sd2Card11cardCommandEhm
                0x000049cc       0x64 C:\Users\mk\AppData\Local\Temp\VMBuilds\ArduinoReadSDCard\mzero_bl\Debug\SD\utility\Sd2Card.cpp.o
                0x000049cc                Sd2Card::cardCommand(unsigned char, unsigned long)
 .text._ZN7Sd2Card4initEhh
                0x00004a30      0x140 C:\Users\mk\AppData\Local\Temp\VMBuilds\ArduinoReadSDCard\mzero_bl\Debug\SD\utility\Sd2Card.cpp.o
                0x00004a30                Sd2Card::init(unsigned char, unsigned char)
 .text._ZN7Sd2Card14waitStartBlockEv
                0x00004b70       0x3c C:\Users\mk\AppData\Local\Temp\VMBuilds\ArduinoReadSDCard\mzero_bl\Debug\SD\utility\Sd2Card.cpp.o
                0x00004b70                Sd2Card::waitStartBlock()
 .text._ZN7Sd2Card8readDataEmttPh
                0x00004bac       0xac C:\Users\mk\AppData\Local\Temp\VMBuilds\ArduinoReadSDCard\mzero_bl\Debug\SD\utility\Sd2Card.cpp.o
                0x00004bac                Sd2Card::readData(unsigned long, unsigned short, unsigned short, unsigned char*)
 .text._ZN7Sd2Card9readBlockEmPh
                0x00004c58       0x10 C:\Users\mk\AppData\Local\Temp\VMBuilds\ArduinoReadSDCard\mzero_bl\Debug\SD\utility\Sd2Card.cpp.o
                0x00004c58                Sd2Card::readBlock(unsigned long, unsigned char*)
 .text._ZN7Sd2Card9writeDataEhPKh
                0x00004c68       0x48 C:\Users\mk\AppData\Local\Temp\VMBuilds\ArduinoReadSDCard\mzero_bl\Debug\SD\utility\Sd2Card.cpp.o
                0x00004c68                Sd2Card::writeData(unsigned char, unsigned char const*)
 .text._ZN7Sd2Card10writeBlockEmPKh
                0x00004cb0       0x78 C:\Users\mk\AppData\Local\Temp\VMBuilds\ArduinoReadSDCard\mzero_bl\Debug\SD\utility\Sd2Card.cpp.o
                0x00004cb0                Sd2Card::writeBlock(unsigned long, unsigned char const*)
 .text.startup._GLOBAL__sub_I__ZN7Sd2Card11cardCommandEhm
                0x00004d28       0x18 C:\Users\mk\AppData\Local\Temp\VMBuilds\ArduinoReadSDCard\mzero_bl\Debug\SD\utility\Sd2Card.cpp.o
 .text._ZN6SdFile10addClusterEv
                0x00004d40       0x2c C:\Users\mk\AppData\Local\Temp\VMBuilds\ArduinoReadSDCard\mzero_bl\Debug\SD\utility\SdFile.cpp.o
                0x00004d40                SdFile::addCluster()
 .text._ZN6SdFile13addDirClusterEv
                0x00004d6c       0x4a C:\Users\mk\AppData\Local\Temp\VMBuilds\ArduinoReadSDCard\mzero_bl\Debug\SD\utility\SdFile.cpp.o
                0x00004d6c                SdFile::addDirCluster()
 *fill*         0x00004db6        0x2 
 .text._ZN6SdFile13cacheDirEntryEh
                0x00004db8       0x1c C:\Users\mk\AppData\Local\Temp\VMBuilds\ArduinoReadSDCard\mzero_bl\Debug\SD\utility\SdFile.cpp.o
                0x00004db8                SdFile::cacheDirEntry(unsigned char)
 .text._ZN6SdFile10make83NameEPKcPh
                0x00004dd4       0x8c C:\Users\mk\AppData\Local\Temp\VMBuilds\ArduinoReadSDCard\mzero_bl\Debug\SD\utility\SdFile.cpp.o
                0x00004dd4                SdFile::make83Name(char const*, unsigned char*)
 .text._ZN6SdFile8openRootEP8SdVolume
                0x00004e60       0x52 C:\Users\mk\AppData\Local\Temp\VMBuilds\ArduinoReadSDCard\mzero_bl\Debug\SD\utility\SdFile.cpp.o
                0x00004e60                SdFile::openRoot(SdVolume*)
 *fill*         0x00004eb2        0x2 
 .text._ZN6SdFile4readEPvt
                0x00004eb4      0x10c C:\Users\mk\AppData\Local\Temp\VMBuilds\ArduinoReadSDCard\mzero_bl\Debug\SD\utility\SdFile.cpp.o
                0x00004eb4                SdFile::read(void*, unsigned short)
 .text._ZN6SdFile12readDirCacheEv
                0x00004fc0       0x48 C:\Users\mk\AppData\Local\Temp\VMBuilds\ArduinoReadSDCard\mzero_bl\Debug\SD\utility\SdFile.cpp.o
                0x00004fc0                SdFile::readDirCache()
 .text._ZN6SdFile7seekSetEm
                0x00005008       0x64 C:\Users\mk\AppData\Local\Temp\VMBuilds\ArduinoReadSDCard\mzero_bl\Debug\SD\utility\SdFile.cpp.o
                0x00005008                SdFile::seekSet(unsigned long)
 .text._ZN6SdFile4syncEv
                0x0000506c       0x78 C:\Users\mk\AppData\Local\Temp\VMBuilds\ArduinoReadSDCard\mzero_bl\Debug\SD\utility\SdFile.cpp.o
                0x0000506c                SdFile::sync()
 .text._ZN6SdFile5closeEv
                0x000050e4       0x14 C:\Users\mk\AppData\Local\Temp\VMBuilds\ArduinoReadSDCard\mzero_bl\Debug\SD\utility\SdFile.cpp.o
                0x000050e4                SdFile::close()
 .text._ZN6SdFile8truncateEm
                0x000050f8       0xb4 C:\Users\mk\AppData\Local\Temp\VMBuilds\ArduinoReadSDCard\mzero_bl\Debug\SD\utility\SdFile.cpp.o
                0x000050f8                SdFile::truncate(unsigned long)
 .text._ZN6SdFile15openCachedEntryEhh
                0x000051ac       0x98 C:\Users\mk\AppData\Local\Temp\VMBuilds\ArduinoReadSDCard\mzero_bl\Debug\SD\utility\SdFile.cpp.o
                0x000051ac                SdFile::openCachedEntry(unsigned char, unsigned char)
 .text._ZN6SdFile4openEPS_PKch
                0x00005244      0x134 C:\Users\mk\AppData\Local\Temp\VMBuilds\ArduinoReadSDCard\mzero_bl\Debug\SD\utility\SdFile.cpp.o
                0x00005244                SdFile::open(SdFile*, char const*, unsigned char)
 .text._ZN6SdFile5writeEPKvt
                0x00005378      0x1ac C:\Users\mk\AppData\Local\Temp\VMBuilds\ArduinoReadSDCard\mzero_bl\Debug\SD\utility\SdFile.cpp.o
                0x00005378                SdFile::write(void const*, unsigned short)
 .text._ZN6SdFile5writeEh
                0x00005524       0x12 C:\Users\mk\AppData\Local\Temp\VMBuilds\ArduinoReadSDCard\mzero_bl\Debug\SD\utility\SdFile.cpp.o
                0x00005524                SdFile::write(unsigned char)
 *fill*         0x00005536        0x2 
 .text._ZN8SdVolume10cacheFlushEv
                0x00005538       0x54 C:\Users\mk\AppData\Local\Temp\VMBuilds\ArduinoReadSDCard\mzero_bl\Debug\SD\utility\SdVolume.cpp.o
                0x00005538                SdVolume::cacheFlush()
 .text._ZN8SdVolume13cacheRawBlockEmh
                0x0000558c       0x48 C:\Users\mk\AppData\Local\Temp\VMBuilds\ArduinoReadSDCard\mzero_bl\Debug\SD\utility\SdVolume.cpp.o
                0x0000558c                SdVolume::cacheRawBlock(unsigned long, unsigned char)
 .text._ZN8SdVolume14cacheZeroBlockEm
                0x000055d4       0x3c C:\Users\mk\AppData\Local\Temp\VMBuilds\ArduinoReadSDCard\mzero_bl\Debug\SD\utility\SdVolume.cpp.o
                0x000055d4                SdVolume::cacheZeroBlock(unsigned long)
 .text._ZNK8SdVolume6fatGetEmPm
                0x00005610       0x60 C:\Users\mk\AppData\Local\Temp\VMBuilds\ArduinoReadSDCard\mzero_bl\Debug\SD\utility\SdVolume.cpp.o
                0x00005610                SdVolume::fatGet(unsigned long, unsigned long*) const
 .text._ZNK8SdVolume9chainSizeEmPm
                0x00005670       0x44 C:\Users\mk\AppData\Local\Temp\VMBuilds\ArduinoReadSDCard\mzero_bl\Debug\SD\utility\SdVolume.cpp.o
                0x00005670                SdVolume::chainSize(unsigned long, unsigned long*) const
 .text._ZN8SdVolume6fatPutEmm
                0x000056b4       0x88 C:\Users\mk\AppData\Local\Temp\VMBuilds\ArduinoReadSDCard\mzero_bl\Debug\SD\utility\SdVolume.cpp.o
                0x000056b4                SdVolume::fatPut(unsigned long, unsigned long)
 .text._ZN8SdVolume15allocContiguousEmPm
                0x0000573c       0xc8 C:\Users\mk\AppData\Local\Temp\VMBuilds\ArduinoReadSDCard\mzero_bl\Debug\SD\utility\SdVolume.cpp.o
                0x0000573c                SdVolume::allocContiguous(unsigned long, unsigned long*)
 .text._ZN8SdVolume9freeChainEm
                0x00005804       0x4c C:\Users\mk\AppData\Local\Temp\VMBuilds\ArduinoReadSDCard\mzero_bl\Debug\SD\utility\SdVolume.cpp.o
                0x00005804                SdVolume::freeChain(unsigned long)
 .text._ZN8SdVolume4initEP7Sd2Cardh
                0x00005850      0x128 C:\Users\mk\AppData\Local\Temp\VMBuilds\ArduinoReadSDCard\mzero_bl\Debug\SD\utility\SdVolume.cpp.o
                0x00005850                SdVolume::init(Sd2Card*, unsigned char)
 .text._ZN8SPIClass4initEv
                0x00005978       0x12 C:\Users\mk\AppData\Local\Temp\VMBuilds\ArduinoReadSDCard\mzero_bl\Debug\SPI\SPI.cpp.o
                0x00005978                SPIClass::init()
 .text._ZN8SPIClass6configE11SPISettings
                0x0000598a       0x36 C:\Users\mk\AppData\Local\Temp\VMBuilds\ArduinoReadSDCard\mzero_bl\Debug\SPI\SPI.cpp.o
                0x0000598a                SPIClass::config(SPISettings)
 .text._ZN8SPIClass5beginEv
                0x000059c0       0x50 C:\Users\mk\AppData\Local\Temp\VMBuilds\ArduinoReadSDCard\mzero_bl\Debug\SPI\SPI.cpp.o
                0x000059c0                SPIClass::begin()
 .text._ZN8SPIClass16beginTransactionE11SPISettings
                0x00005a10       0x38 C:\Users\mk\AppData\Local\Temp\VMBuilds\ArduinoReadSDCard\mzero_bl\Debug\SPI\SPI.cpp.o
                0x00005a10                SPIClass::beginTransaction(SPISettings)
 .text._ZN8SPIClass14endTransactionEv
                0x00005a48       0x24 C:\Users\mk\AppData\Local\Temp\VMBuilds\ArduinoReadSDCard\mzero_bl\Debug\SPI\SPI.cpp.o
                0x00005a48                SPIClass::endTransaction()
 .text._ZN8SPIClass8transferEh
                0x00005a6c        0xa C:\Users\mk\AppData\Local\Temp\VMBuilds\ArduinoReadSDCard\mzero_bl\Debug\SPI\SPI.cpp.o
                0x00005a6c                SPIClass::transfer(unsigned char)
 *fill*         0x00005a76        0x2 
 .text.startup._GLOBAL__sub_I__ZN8SPIClassC2EP6SERCOMhhh14SercomSpiTXPad11SercomRXPad
                0x00005a78       0x38 C:\Users\mk\AppData\Local\Temp\VMBuilds\ArduinoReadSDCard\mzero_bl\Debug\SPI\SPI.cpp.o
 .text.SERCOM0_Handler
                0x00005ab0       0x10 C:\Users\mk\AppData\Local\Temp\VMBuilds\ArduinoReadSDCard\mzero_bl\Debug\variant\variant.cpp.o
                0x00005ab0                SERCOM0_Handler
 .text.SERCOM5_Handler
                0x00005ac0       0x10 C:\Users\mk\AppData\Local\Temp\VMBuilds\ArduinoReadSDCard\mzero_bl\Debug\variant\variant.cpp.o
                0x00005ac0                SERCOM5_Handler
 .text.startup._GLOBAL__sub_I_g_APinDescription
                0x00005ad0       0x94 C:\Users\mk\AppData\Local\Temp\VMBuilds\ArduinoReadSDCard\mzero_bl\Debug\variant\variant.cpp.o
 .text.Dummy_Handler
                0x00005b64        0x2 C:\Users\mk\AppData\Local\Temp\VMBuilds\ArduinoReadSDCard\mzero_bl\Debug/core.a(cortex_handlers.c.o)
                0x00005b64                DMAC_Handler
                0x00005b64                HardFault_Handler
                0x00005b64                AC_Handler
                0x00005b64                PendSV_Handler
                0x00005b64                NMI_Handler
                0x00005b64                TC7_Handler
                0x00005b64                SERCOM1_Handler
                0x00005b64                ADC_Handler
                0x00005b64                TCC1_Handler
                0x00005b64                SERCOM2_Handler
                0x00005b64                TCC0_Handler
                0x00005b64                RTC_Handler
                0x00005b64                EIC_Handler
                0x00005b64                TC6_Handler
                0x00005b64                WDT_Handler
                0x00005b64                TC4_Handler
                0x00005b64                TC3_Handler
                0x00005b64                Dummy_Handler
                0x00005b64                PM_Handler
                0x00005b64                SVC_Handler
                0x00005b64                TCC2_Handler
                0x00005b64                EVSYS_Handler
                0x00005b64                SERCOM3_Handler
                0x00005b64                SERCOM4_Handler
                0x00005b64                I2S_Handler
                0x00005b64                NVMCTRL_Handler
                0x00005b64                DAC_Handler
                0x00005b64                PTC_Handler
                0x00005b64                SYSCTRL_Handler
 *fill*         0x00005b66        0x2 
 .text.USB_Handler
                0x00005b68       0x14 C:\Users\mk\AppData\Local\Temp\VMBuilds\ArduinoReadSDCard\mzero_bl\Debug/core.a(cortex_handlers.c.o)
                0x00005b68                USB_Handler
 .text.Reset_Handler
                0x00005b7c       0x54 C:\Users\mk\AppData\Local\Temp\VMBuilds\ArduinoReadSDCard\mzero_bl\Debug/core.a(cortex_handlers.c.o)
                0x00005b7c                Reset_Handler
 .text.SysTick_Handler
                0x00005bd0       0x10 C:\Users\mk\AppData\Local\Temp\VMBuilds\ArduinoReadSDCard\mzero_bl\Debug/core.a(cortex_handlers.c.o)
                0x00005bd0                SysTick_Handler
 .text.USB_SetHandler
                0x00005be0        0xc C:\Users\mk\AppData\Local\Temp\VMBuilds\ArduinoReadSDCard\mzero_bl\Debug/core.a(cortex_handlers.c.o)
                0x00005be0                USB_SetHandler
 .text.millis   0x00005bec        0xc C:\Users\mk\AppData\Local\Temp\VMBuilds\ArduinoReadSDCard\mzero_bl\Debug/core.a(delay.c.o)
                0x00005bec                millis
 .text.delay    0x00005bf8       0x20 C:\Users\mk\AppData\Local\Temp\VMBuilds\ArduinoReadSDCard\mzero_bl\Debug/core.a(delay.c.o)
                0x00005bf8                delay
 .text.SysTick_DefaultHandler
                0x00005c18       0x14 C:\Users\mk\AppData\Local\Temp\VMBuilds\ArduinoReadSDCard\mzero_bl\Debug/core.a(delay.c.o)
                0x00005c18                SysTick_DefaultHandler
 .text.__empty  0x00005c2c        0x2 C:\Users\mk\AppData\Local\Temp\VMBuilds\ArduinoReadSDCard\mzero_bl\Debug/core.a(hooks.c.o)
                0x00005c2c                yield
 .text.__false  0x00005c2e        0x4 C:\Users\mk\AppData\Local\Temp\VMBuilds\ArduinoReadSDCard\mzero_bl\Debug/core.a(hooks.c.o)
                0x00005c2e                sysTickHook
 *fill*         0x00005c32        0x2 
 .text.SystemInit
                0x00005c34      0x168 C:\Users\mk\AppData\Local\Temp\VMBuilds\ArduinoReadSDCard\mzero_bl\Debug/core.a(startup.c.o)
                0x00005c34                SystemInit
 .text.init     0x00005d9c       0xf0 C:\Users\mk\AppData\Local\Temp\VMBuilds\ArduinoReadSDCard\mzero_bl\Debug/core.a(wiring.c.o)
                0x00005d9c                init
 .text.analogReference
                0x00005e8c       0x5c C:\Users\mk\AppData\Local\Temp\VMBuilds\ArduinoReadSDCard\mzero_bl\Debug/core.a(wiring_analog.c.o)
                0x00005e8c                analogReference
 .text.pinMode  0x00005ee8       0xb4 C:\Users\mk\AppData\Local\Temp\VMBuilds\ArduinoReadSDCard\mzero_bl\Debug/core.a(wiring_digital.c.o)
                0x00005ee8                pinMode
 .text.digitalWrite
                0x00005f9c       0x60 C:\Users\mk\AppData\Local\Temp\VMBuilds\ArduinoReadSDCard\mzero_bl\Debug/core.a(wiring_digital.c.o)
                0x00005f9c                digitalWrite
 .text.pinPeripheral
                0x00005ffc       0xc4 C:\Users\mk\AppData\Local\Temp\VMBuilds\ArduinoReadSDCard\mzero_bl\Debug/core.a(wiring_private.c.o)
                0x00005ffc                pinPeripheral
 .text._Z11initVariantv
                0x000060c0        0x2 C:\Users\mk\AppData\Local\Temp\VMBuilds\ArduinoReadSDCard\mzero_bl\Debug/core.a(main.cpp.o)
                0x000060c0                initVariant()
 *fill*         0x000060c2        0x2 
 .text.startup.main
                0x000060c4       0x40 C:\Users\mk\AppData\Local\Temp\VMBuilds\ArduinoReadSDCard\mzero_bl\Debug/core.a(main.cpp.o)
                0x000060c4                main
 .text._ZN5Print5writeEPKhj
                0x00006104       0x28 C:\Users\mk\AppData\Local\Temp\VMBuilds\ArduinoReadSDCard\mzero_bl\Debug/core.a(Print.cpp.o)
                0x00006104                Print::write(unsigned char const*, unsigned int)
 .text._ZN5Print5writeEPKc
                0x0000612c       0x1c C:\Users\mk\AppData\Local\Temp\VMBuilds\ArduinoReadSDCard\mzero_bl\Debug/core.a(Print.cpp.o)
                0x0000612c                Print::write(char const*)
 .text._ZN5Print5printERK6String
                0x00006148       0x10 C:\Users\mk\AppData\Local\Temp\VMBuilds\ArduinoReadSDCard\mzero_bl\Debug/core.a(Print.cpp.o)
                0x00006148                Print::print(String const&)
 .text._ZN5Print5printEPKc
                0x00006158        0x8 C:\Users\mk\AppData\Local\Temp\VMBuilds\ArduinoReadSDCard\mzero_bl\Debug/core.a(Print.cpp.o)
                0x00006158                Print::print(char const*)
 .text._ZN5Print5printEc
                0x00006160        0xa C:\Users\mk\AppData\Local\Temp\VMBuilds\ArduinoReadSDCard\mzero_bl\Debug/core.a(Print.cpp.o)
                0x00006160                Print::print(char)
 *fill*         0x0000616a        0x2 
 .text._ZN5Print7printlnEv
                0x0000616c       0x10 C:\Users\mk\AppData\Local\Temp\VMBuilds\ArduinoReadSDCard\mzero_bl\Debug/core.a(Print.cpp.o)
                0x0000616c                Print::println()
 .text._ZN5Print7printlnERK6String
                0x0000617c       0x14 C:\Users\mk\AppData\Local\Temp\VMBuilds\ArduinoReadSDCard\mzero_bl\Debug/core.a(Print.cpp.o)
                0x0000617c                Print::println(String const&)
 .text._ZN5Print7printlnEPKc
                0x00006190       0x14 C:\Users\mk\AppData\Local\Temp\VMBuilds\ArduinoReadSDCard\mzero_bl\Debug/core.a(Print.cpp.o)
                0x00006190                Print::println(char const*)
 .text._ZN5Print11printNumberEmh
                0x000061a4       0x4e C:\Users\mk\AppData\Local\Temp\VMBuilds\ArduinoReadSDCard\mzero_bl\Debug/core.a(Print.cpp.o)
                0x000061a4                Print::printNumber(unsigned long, unsigned char)
 .text._ZN5Print5printEli
                0x000061f2       0x3c C:\Users\mk\AppData\Local\Temp\VMBuilds\ArduinoReadSDCard\mzero_bl\Debug/core.a(Print.cpp.o)
                0x000061f2                Print::print(long, int)
 .text._ZN5Print5printEii
                0x0000622e        0x8 C:\Users\mk\AppData\Local\Temp\VMBuilds\ArduinoReadSDCard\mzero_bl\Debug/core.a(Print.cpp.o)
                0x0000622e                Print::print(int, int)
 .text._ZN5Print7printlnEii
                0x00006236       0x14 C:\Users\mk\AppData\Local\Temp\VMBuilds\ArduinoReadSDCard\mzero_bl\Debug/core.a(Print.cpp.o)
                0x00006236                Print::println(int, int)
 *fill*         0x0000624a        0x2 
 .text.initiateReset
                0x0000624c        0xc C:\Users\mk\AppData\Local\Temp\VMBuilds\ArduinoReadSDCard\mzero_bl\Debug/core.a(Reset.cpp.o)
                0x0000624c                initiateReset
 .text.cancelReset
                0x00006258       0x10 C:\Users\mk\AppData\Local\Temp\VMBuilds\ArduinoReadSDCard\mzero_bl\Debug/core.a(Reset.cpp.o)
                0x00006258                cancelReset
 .text.tickReset
                0x00006268       0x74 C:\Users\mk\AppData\Local\Temp\VMBuilds\ArduinoReadSDCard\mzero_bl\Debug/core.a(Reset.cpp.o)
                0x00006268                tickReset
 .text._ZN6SERCOMC2EP6Sercom
                0x000062dc        0x4 C:\Users\mk\AppData\Local\Temp\VMBuilds\ArduinoReadSDCard\mzero_bl\Debug/core.a(SERCOM.cpp.o)
                0x000062dc                SERCOM::SERCOM(Sercom*)
                0x000062dc                SERCOM::SERCOM(Sercom*)
 .text._ZN6SERCOM9initFrameE18SercomUartCharSize15SercomDataOrder16SercomParityMode19SercomNumberStopBit
                0x000062e0       0x38 C:\Users\mk\AppData\Local\Temp\VMBuilds\ArduinoReadSDCard\mzero_bl\Debug/core.a(SERCOM.cpp.o)
                0x000062e0                SERCOM::initFrame(SercomUartCharSize, SercomDataOrder, SercomParityMode, SercomNumberStopBit)
 .text._ZN6SERCOM8initPadsE15SercomUartTXPad11SercomRXPad
                0x00006318       0x26 C:\Users\mk\AppData\Local\Temp\VMBuilds\ArduinoReadSDCard\mzero_bl\Debug/core.a(SERCOM.cpp.o)
                0x00006318                SERCOM::initPads(SercomUartTXPad, SercomRXPad)
 .text._ZN6SERCOM9resetUARTEv
                0x0000633e       0x1c C:\Users\mk\AppData\Local\Temp\VMBuilds\ArduinoReadSDCard\mzero_bl\Debug/core.a(SERCOM.cpp.o)
                0x0000633e                SERCOM::resetUART()
 .text._ZN6SERCOM10enableUARTEv
                0x0000635a       0x14 C:\Users\mk\AppData\Local\Temp\VMBuilds\ArduinoReadSDCard\mzero_bl\Debug/core.a(SERCOM.cpp.o)
                0x0000635a                SERCOM::enableUART()
 .text._ZN6SERCOM9flushUARTEv
                0x0000636e       0x10 C:\Users\mk\AppData\Local\Temp\VMBuilds\ArduinoReadSDCard\mzero_bl\Debug/core.a(SERCOM.cpp.o)
                0x0000636e                SERCOM::flushUART()
 .text._ZN6SERCOM15clearStatusUARTEv
                0x0000637e        0x8 C:\Users\mk\AppData\Local\Temp\VMBuilds\ArduinoReadSDCard\mzero_bl\Debug/core.a(SERCOM.cpp.o)
                0x0000637e                SERCOM::clearStatusUART()
 .text._ZN6SERCOM17availableDataUARTEv
                0x00006386        0xa C:\Users\mk\AppData\Local\Temp\VMBuilds\ArduinoReadSDCard\mzero_bl\Debug/core.a(SERCOM.cpp.o)
                0x00006386                SERCOM::availableDataUART()
 .text._ZN6SERCOM11isUARTErrorEv
                0x00006390        0x8 C:\Users\mk\AppData\Local\Temp\VMBuilds\ArduinoReadSDCard\mzero_bl\Debug/core.a(SERCOM.cpp.o)
                0x00006390                SERCOM::isUARTError()
 .text._ZN6SERCOM20acknowledgeUARTErrorEv
                0x00006398        0xe C:\Users\mk\AppData\Local\Temp\VMBuilds\ArduinoReadSDCard\mzero_bl\Debug/core.a(SERCOM.cpp.o)
                0x00006398                SERCOM::acknowledgeUARTError()
 .text._ZN6SERCOM23isDataRegisterEmptyUARTEv
                0x000063a6        0xa C:\Users\mk\AppData\Local\Temp\VMBuilds\ArduinoReadSDCard\mzero_bl\Debug/core.a(SERCOM.cpp.o)
                0x000063a6                SERCOM::isDataRegisterEmptyUART()
 .text._ZN6SERCOM12readDataUARTEv
                0x000063b0        0x8 C:\Users\mk\AppData\Local\Temp\VMBuilds\ArduinoReadSDCard\mzero_bl\Debug/core.a(SERCOM.cpp.o)
                0x000063b0                SERCOM::readDataUART()
 .text._ZN6SERCOM13writeDataUARTEh
                0x000063b8        0xe C:\Users\mk\AppData\Local\Temp\VMBuilds\ArduinoReadSDCard\mzero_bl\Debug/core.a(SERCOM.cpp.o)
                0x000063b8                SERCOM::writeDataUART(unsigned char)
 .text._ZN6SERCOM36enableDataRegisterEmptyInterruptUARTEv
                0x000063c6        0xc C:\Users\mk\AppData\Local\Temp\VMBuilds\ArduinoReadSDCard\mzero_bl\Debug/core.a(SERCOM.cpp.o)
                0x000063c6                SERCOM::enableDataRegisterEmptyInterruptUART()
 .text._ZN6SERCOM37disableDataRegisterEmptyInterruptUARTEv
                0x000063d2        0x8 C:\Users\mk\AppData\Local\Temp\VMBuilds\ArduinoReadSDCard\mzero_bl\Debug/core.a(SERCOM.cpp.o)
                0x000063d2                SERCOM::disableDataRegisterEmptyInterruptUART()
 *fill*         0x000063da        0x2 
 .text._ZN6SERCOM12initSPIClockE18SercomSpiClockModem
                0x000063dc       0x30 C:\Users\mk\AppData\Local\Temp\VMBuilds\ArduinoReadSDCard\mzero_bl\Debug/core.a(SERCOM.cpp.o)
                0x000063dc                SERCOM::initSPIClock(SercomSpiClockMode, unsigned long)
 .text._ZN6SERCOM8resetSPIEv
                0x0000640c       0x1c C:\Users\mk\AppData\Local\Temp\VMBuilds\ArduinoReadSDCard\mzero_bl\Debug/core.a(SERCOM.cpp.o)
                0x0000640c                SERCOM::resetSPI()
 .text._ZN6SERCOM9enableSPIEv
                0x00006428       0x14 C:\Users\mk\AppData\Local\Temp\VMBuilds\ArduinoReadSDCard\mzero_bl\Debug/core.a(SERCOM.cpp.o)
                0x00006428                SERCOM::enableSPI()
 .text._ZN6SERCOM10disableSPIEv
                0x0000643c       0x12 C:\Users\mk\AppData\Local\Temp\VMBuilds\ArduinoReadSDCard\mzero_bl\Debug/core.a(SERCOM.cpp.o)
                0x0000643c                SERCOM::disableSPI()
 .text._ZN6SERCOM15transferDataSPIEh
                0x0000644e       0x1a C:\Users\mk\AppData\Local\Temp\VMBuilds\ArduinoReadSDCard\mzero_bl\Debug/core.a(SERCOM.cpp.o)
                0x0000644e                SERCOM::transferDataSPI(unsigned char)
 .text._ZN6SERCOM13initClockNVICEv
                0x00006468       0xac C:\Users\mk\AppData\Local\Temp\VMBuilds\ArduinoReadSDCard\mzero_bl\Debug/core.a(SERCOM.cpp.o)
                0x00006468                SERCOM::initClockNVIC()
 .text._ZN6SERCOM8initUARTE14SercomUartMode20SercomUartSampleRatem
                0x00006514       0x6c C:\Users\mk\AppData\Local\Temp\VMBuilds\ArduinoReadSDCard\mzero_bl\Debug/core.a(SERCOM.cpp.o)
                0x00006514                SERCOM::initUART(SercomUartMode, SercomUartSampleRate, unsigned long)
 .text._ZN6SERCOM7initSPIE14SercomSpiTXPad11SercomRXPad17SercomSpiCharSize15SercomDataOrder
                0x00006580       0x48 C:\Users\mk\AppData\Local\Temp\VMBuilds\ArduinoReadSDCard\mzero_bl\Debug/core.a(SERCOM.cpp.o)
                0x00006580                SERCOM::initSPI(SercomSpiTXPad, SercomRXPad, SercomSpiCharSize, SercomDataOrder)
 .text._ZN6Stream9timedReadEv
                0x000065c8       0x2a C:\Users\mk\AppData\Local\Temp\VMBuilds\ArduinoReadSDCard\mzero_bl\Debug/core.a(Stream.cpp.o)
                0x000065c8                Stream::timedRead()
 *fill*         0x000065f2        0x2 
 .text._ZN6Stream15readStringUntilEc
                0x000065f4       0x30 C:\Users\mk\AppData\Local\Temp\VMBuilds\ArduinoReadSDCard\mzero_bl\Debug/core.a(Stream.cpp.o)
                0x000065f4                Stream::readStringUntil(char)
 .text._ZN4UartcvbEv
                0x00006624        0x4 C:\Users\mk\AppData\Local\Temp\VMBuilds\ArduinoReadSDCard\mzero_bl\Debug/core.a(Uart.cpp.o)
                0x00006624                Uart::operator bool()
 .text._ZN4Uart5beginEm
                0x00006628       0x10 C:\Users\mk\AppData\Local\Temp\VMBuilds\ArduinoReadSDCard\mzero_bl\Debug/core.a(Uart.cpp.o)
                0x00006628                Uart::begin(unsigned long)
 .text._ZN4Uart3endEv
                0x00006638       0x1c C:\Users\mk\AppData\Local\Temp\VMBuilds\ArduinoReadSDCard\mzero_bl\Debug/core.a(Uart.cpp.o)
                0x00006638                Uart::end()
 .text._ZN4Uart9availableEv
                0x00006654        0xa C:\Users\mk\AppData\Local\Temp\VMBuilds\ArduinoReadSDCard\mzero_bl\Debug/core.a(Uart.cpp.o)
                0x00006654                Uart::available()
 .text._ZN4Uart5flushEv
                0x0000665e       0x18 C:\Users\mk\AppData\Local\Temp\VMBuilds\ArduinoReadSDCard\mzero_bl\Debug/core.a(Uart.cpp.o)
                0x0000665e                Uart::flush()
 .text._ZN4Uart17availableForWriteEv
                0x00006676        0xa C:\Users\mk\AppData\Local\Temp\VMBuilds\ArduinoReadSDCard\mzero_bl\Debug/core.a(Uart.cpp.o)
                0x00006676                Uart::availableForWrite()
 .text._ZN4Uart4readEv
                0x00006680       0x34 C:\Users\mk\AppData\Local\Temp\VMBuilds\ArduinoReadSDCard\mzero_bl\Debug/core.a(Uart.cpp.o)
                0x00006680                Uart::read()
 .text._ZN4Uart4peekEv
                0x000066b4        0xa C:\Users\mk\AppData\Local\Temp\VMBuilds\ArduinoReadSDCard\mzero_bl\Debug/core.a(Uart.cpp.o)
                0x000066b4                Uart::peek()
 .text._ZN4Uart5writeEh
                0x000066be       0x44 C:\Users\mk\AppData\Local\Temp\VMBuilds\ArduinoReadSDCard\mzero_bl\Debug/core.a(Uart.cpp.o)
                0x000066be                Uart::write(unsigned char)
 *fill*         0x00006702        0x2 
 .text._ZN4UartC2EP6SERCOMhh11SercomRXPad15SercomUartTXPadhh
                0x00006704       0x68 C:\Users\mk\AppData\Local\Temp\VMBuilds\ArduinoReadSDCard\mzero_bl\Debug/core.a(Uart.cpp.o)
                0x00006704                Uart::Uart(SERCOM*, unsigned char, unsigned char, SercomRXPad, SercomUartTXPad, unsigned char, unsigned char)
                0x00006704                Uart::Uart(SERCOM*, unsigned char, unsigned char, SercomRXPad, SercomUartTXPad, unsigned char, unsigned char)
 .text._ZN4UartC2EP6SERCOMhh11SercomRXPad15SercomUartTXPad
                0x0000676c       0x24 C:\Users\mk\AppData\Local\Temp\VMBuilds\ArduinoReadSDCard\mzero_bl\Debug/core.a(Uart.cpp.o)
                0x0000676c                Uart::Uart(SERCOM*, unsigned char, unsigned char, SercomRXPad, SercomUartTXPad)
                0x0000676c                Uart::Uart(SERCOM*, unsigned char, unsigned char, SercomRXPad, SercomUartTXPad)
 .text._ZN4Uart10IrqHandlerEv
                0x00006790       0x88 C:\Users\mk\AppData\Local\Temp\VMBuilds\ArduinoReadSDCard\mzero_bl\Debug/core.a(Uart.cpp.o)
                0x00006790                Uart::IrqHandler()
 .text._ZN4Uart16extractNbStopBitEt
                0x00006818        0xe C:\Users\mk\AppData\Local\Temp\VMBuilds\ArduinoReadSDCard\mzero_bl\Debug/core.a(Uart.cpp.o)
                0x00006818                Uart::extractNbStopBit(unsigned short)
 .text._ZN4Uart15extractCharSizeEt
                0x00006826       0x2c C:\Users\mk\AppData\Local\Temp\VMBuilds\ArduinoReadSDCard\mzero_bl\Debug/core.a(Uart.cpp.o)
                0x00006826                Uart::extractCharSize(unsigned short)
 .text._ZN4Uart13extractParityEt
                0x00006852       0x18 C:\Users\mk\AppData\Local\Temp\VMBuilds\ArduinoReadSDCard\mzero_bl\Debug/core.a(Uart.cpp.o)
                0x00006852                Uart::extractParity(unsigned short)
 *fill*         0x0000686a        0x2 
 .text._ZN4Uart5beginEmt
                0x0000686c       0xf4 C:\Users\mk\AppData\Local\Temp\VMBuilds\ArduinoReadSDCard\mzero_bl\Debug/core.a(Uart.cpp.o)
                0x0000686c                Uart::begin(unsigned long, unsigned short)
 .text._ZNK6String14StringIfHelperEv
                0x00006960        0x2 C:\Users\mk\AppData\Local\Temp\VMBuilds\ArduinoReadSDCard\mzero_bl\Debug/core.a(WString.cpp.o)
                0x00006960                String::StringIfHelper() const
 .text._ZN6StringD2Ev
                0x00006962        0xe C:\Users\mk\AppData\Local\Temp\VMBuilds\ArduinoReadSDCard\mzero_bl\Debug/core.a(WString.cpp.o)
                0x00006962                String::~String()
                0x00006962                String::~String()
 .text._ZN6String10invalidateEv
                0x00006970       0x18 C:\Users\mk\AppData\Local\Temp\VMBuilds\ArduinoReadSDCard\mzero_bl\Debug/core.a(WString.cpp.o)
                0x00006970                String::invalidate()
 .text._ZN6String12changeBufferEj
                0x00006988       0x18 C:\Users\mk\AppData\Local\Temp\VMBuilds\ArduinoReadSDCard\mzero_bl\Debug/core.a(WString.cpp.o)
                0x00006988                String::changeBuffer(unsigned int)
 .text._ZN6String7reserveEj
                0x000069a0       0x28 C:\Users\mk\AppData\Local\Temp\VMBuilds\ArduinoReadSDCard\mzero_bl\Debug/core.a(WString.cpp.o)
                0x000069a0                String::reserve(unsigned int)
 .text._ZN6String4copyEPKcj
                0x000069c8       0x28 C:\Users\mk\AppData\Local\Temp\VMBuilds\ArduinoReadSDCard\mzero_bl\Debug/core.a(WString.cpp.o)
                0x000069c8                String::copy(char const*, unsigned int)
 .text._ZN6StringC2EPKc
                0x000069f0       0x26 C:\Users\mk\AppData\Local\Temp\VMBuilds\ArduinoReadSDCard\mzero_bl\Debug/core.a(WString.cpp.o)
                0x000069f0                String::String(char const*)
                0x000069f0                String::String(char const*)
 *fill*         0x00006a16        0x2 
 .text._ZN6String4moveERS_
                0x00006a18       0x4c C:\Users\mk\AppData\Local\Temp\VMBuilds\ArduinoReadSDCard\mzero_bl\Debug/core.a(WString.cpp.o)
                0x00006a18                String::move(String&)
 .text._ZN6StringaSEOS_
                0x00006a64       0x10 C:\Users\mk\AppData\Local\Temp\VMBuilds\ArduinoReadSDCard\mzero_bl\Debug/core.a(WString.cpp.o)
                0x00006a64                String::operator=(String&&)
 .text._ZN6StringaSEPKc
                0x00006a74       0x22 C:\Users\mk\AppData\Local\Temp\VMBuilds\ArduinoReadSDCard\mzero_bl\Debug/core.a(WString.cpp.o)
                0x00006a74                String::operator=(char const*)
 .text._ZN6String6concatEPKcj
                0x00006a96       0x32 C:\Users\mk\AppData\Local\Temp\VMBuilds\ArduinoReadSDCard\mzero_bl\Debug/core.a(WString.cpp.o)
                0x00006a96                String::concat(char const*, unsigned int)
 .text._ZN6String6concatEc
                0x00006ac8       0x14 C:\Users\mk\AppData\Local\Temp\VMBuilds\ArduinoReadSDCard\mzero_bl\Debug/core.a(WString.cpp.o)
                0x00006ac8                String::concat(char)
 .text._ZNK6String9compareToERKS_
                0x00006adc       0x3a C:\Users\mk\AppData\Local\Temp\VMBuilds\ArduinoReadSDCard\mzero_bl\Debug/core.a(WString.cpp.o)
                0x00006adc                String::compareTo(String const&) const
 .text._ZNK6String6equalsERKS_
                0x00006b16       0x1a C:\Users\mk\AppData\Local\Temp\VMBuilds\ArduinoReadSDCard\mzero_bl\Debug/core.a(WString.cpp.o)
                0x00006b16                String::equals(String const&) const
 .text._ZN6StringixEj
                0x00006b30       0x1c C:\Users\mk\AppData\Local\Temp\VMBuilds\ArduinoReadSDCard\mzero_bl\Debug/core.a(WString.cpp.o)
                0x00006b30                String::operator[](unsigned int)
 .text._ZNK6String7indexOfEcj
                0x00006b4c       0x1e C:\Users\mk\AppData\Local\Temp\VMBuilds\ArduinoReadSDCard\mzero_bl\Debug/core.a(WString.cpp.o)
                0x00006b4c                String::indexOf(char, unsigned int) const
 .text._ZNK6String7indexOfEc
                0x00006b6a        0xa C:\Users\mk\AppData\Local\Temp\VMBuilds\ArduinoReadSDCard\mzero_bl\Debug/core.a(WString.cpp.o)
                0x00006b6a                String::indexOf(char) const
 .text._ZNK6String11lastIndexOfEcj
                0x00006b74       0x30 C:\Users\mk\AppData\Local\Temp\VMBuilds\ArduinoReadSDCard\mzero_bl\Debug/core.a(WString.cpp.o)
                0x00006b74                String::lastIndexOf(char, unsigned int) const
 .text._ZNK6String11lastIndexOfEc
                0x00006ba4        0xc C:\Users\mk\AppData\Local\Temp\VMBuilds\ArduinoReadSDCard\mzero_bl\Debug/core.a(WString.cpp.o)
                0x00006ba4                String::lastIndexOf(char) const
 .text._ZNK6String9substringEjj
                0x00006bb0       0x4c C:\Users\mk\AppData\Local\Temp\VMBuilds\ArduinoReadSDCard\mzero_bl\Debug/core.a(WString.cpp.o)
                0x00006bb0                String::substring(unsigned int, unsigned int) const
 .text._ZN6String11toLowerCaseEv
                0x00006bfc       0x1a C:\Users\mk\AppData\Local\Temp\VMBuilds\ArduinoReadSDCard\mzero_bl\Debug/core.a(WString.cpp.o)
                0x00006bfc                String::toLowerCase()
 .text._ZN6String4trimEv
                0x00006c16       0x54 C:\Users\mk\AppData\Local\Temp\VMBuilds\ArduinoReadSDCard\mzero_bl\Debug/core.a(WString.cpp.o)
                0x00006c16                String::trim()
 .text._ZNK6String5toIntEv
                0x00006c6a        0xe C:\Users\mk\AppData\Local\Temp\VMBuilds\ArduinoReadSDCard\mzero_bl\Debug/core.a(WString.cpp.o)
                0x00006c6a                String::toInt() const
 .text._ZL5utox8mPc
                0x00006c78       0x1c C:\Users\mk\AppData\Local\Temp\VMBuilds\ArduinoReadSDCard\mzero_bl\Debug/core.a(USBCore.cpp.o)
 .text._ZN14USBDeviceClass6initEPEmm.part.4
                0x00006c94       0x80 C:\Users\mk\AppData\Local\Temp\VMBuilds\ArduinoReadSDCard\mzero_bl\Debug/core.a(USBCore.cpp.o)
 .text._ZN20USBDevice_SAMD21G18x5resetEv
                0x00006d14       0x28 C:\Users\mk\AppData\Local\Temp\VMBuilds\ArduinoReadSDCard\mzero_bl\Debug/core.a(USBCore.cpp.o)
                0x00006d14                USBDevice_SAMD21G18x::reset()
 .text._ZN20USBDevice_SAMD21G18x9calibrateEv
                0x00006d3c       0x5c C:\Users\mk\AppData\Local\Temp\VMBuilds\ArduinoReadSDCard\mzero_bl\Debug/core.a(USBCore.cpp.o)
                0x00006d3c                USBDevice_SAMD21G18x::calibrate()
 .text._ZN7__GuardC2Ev
                0x00006d98        0xe C:\Users\mk\AppData\Local\Temp\VMBuilds\ArduinoReadSDCard\mzero_bl\Debug/core.a(USBCore.cpp.o)
                0x00006d98                __Guard::__Guard()
                0x00006d98                __Guard::__Guard()
 .text._ZN7__GuardD2Ev
                0x00006da6        0xe C:\Users\mk\AppData\Local\Temp\VMBuilds\ArduinoReadSDCard\mzero_bl\Debug/core.a(USBCore.cpp.o)
                0x00006da6                __Guard::~__Guard()
                0x00006da6                __Guard::~__Guard()
 .text._ZNK26DoubleBufferedEPOutHandler9availableEv
                0x00006db4       0x5e C:\Users\mk\AppData\Local\Temp\VMBuilds\ArduinoReadSDCard\mzero_bl\Debug/core.a(USBCore.cpp.o)
                0x00006db4                DoubleBufferedEPOutHandler::available() const
 *fill*         0x00006e12        0x2 
 .text._ZN26DoubleBufferedEPOutHandler7releaseEv
                0x00006e14       0x58 C:\Users\mk\AppData\Local\Temp\VMBuilds\ArduinoReadSDCard\mzero_bl\Debug/core.a(USBCore.cpp.o)
                0x00006e14                DoubleBufferedEPOutHandler::release()
 .text._ZN26DoubleBufferedEPOutHandler4recvEPvm
                0x00006e6c      0x11c C:\Users\mk\AppData\Local\Temp\VMBuilds\ArduinoReadSDCard\mzero_bl\Debug/core.a(USBCore.cpp.o)
                0x00006e6c                DoubleBufferedEPOutHandler::recv(void*, unsigned long)
 .text._ZN26DoubleBufferedEPOutHandler14handleEndpointEv
                0x00006f88       0xc8 C:\Users\mk\AppData\Local\Temp\VMBuilds\ArduinoReadSDCard\mzero_bl\Debug/core.a(USBCore.cpp.o)
                0x00006f88                DoubleBufferedEPOutHandler::handleEndpoint()
 .text._ZN14USBDeviceClass14SendInterfacesEPm
                0x00007050       0x2c C:\Users\mk\AppData\Local\Temp\VMBuilds\ArduinoReadSDCard\mzero_bl\Debug/core.a(USBCore.cpp.o)
                0x00007050                USBDeviceClass::SendInterfaces(unsigned long*)
 .text._ZN14USBDeviceClass14handleEndpointEh
                0x0000707c       0x40 C:\Users\mk\AppData\Local\Temp\VMBuilds\ArduinoReadSDCard\mzero_bl\Debug/core.a(USBCore.cpp.o)
                0x0000707c                USBDeviceClass::handleEndpoint(unsigned char)
 .text._ZN14USBDeviceClass4initEv
                0x000070bc       0xf0 C:\Users\mk\AppData\Local\Temp\VMBuilds\ArduinoReadSDCard\mzero_bl\Debug/core.a(USBCore.cpp.o)
                0x000070bc                USBDeviceClass::init()
 .text._ZN14USBDeviceClass6attachEv
                0x000071ac       0x34 C:\Users\mk\AppData\Local\Temp\VMBuilds\ArduinoReadSDCard\mzero_bl\Debug/core.a(USBCore.cpp.o)
                0x000071ac                USBDeviceClass::attach()
 .text._ZN14USBDeviceClass10setAddressEm
                0x000071e0       0x48 C:\Users\mk\AppData\Local\Temp\VMBuilds\ArduinoReadSDCard\mzero_bl\Debug/core.a(USBCore.cpp.o)
                0x000071e0                USBDeviceClass::setAddress(unsigned long)
 .text._ZN14USBDeviceClass25handleClassInterfaceSetupER8USBSetup
                0x00007228       0x40 C:\Users\mk\AppData\Local\Temp\VMBuilds\ArduinoReadSDCard\mzero_bl\Debug/core.a(USBCore.cpp.o)
                0x00007228                USBDeviceClass::handleClassInterfaceSetup(USBSetup&)
 .text._ZN14USBDeviceClass6initEPEmm
                0x00007268      0x128 C:\Users\mk\AppData\Local\Temp\VMBuilds\ArduinoReadSDCard\mzero_bl\Debug/core.a(USBCore.cpp.o)
                0x00007268                USBDeviceClass::initEP(unsigned long, unsigned long)
 .text._ZN14USBDeviceClass13initEndpointsEv
                0x00007390       0x24 C:\Users\mk\AppData\Local\Temp\VMBuilds\ArduinoReadSDCard\mzero_bl\Debug/core.a(USBCore.cpp.o)
                0x00007390                USBDeviceClass::initEndpoints()
 .text._ZN14USBDeviceClass9availableEm
                0x000073b4       0x2c C:\Users\mk\AppData\Local\Temp\VMBuilds\ArduinoReadSDCard\mzero_bl\Debug/core.a(USBCore.cpp.o)
                0x000073b4                USBDeviceClass::available(unsigned long)
 .text._ZN14USBDeviceClass5flushEm
                0x000073e0       0x2c C:\Users\mk\AppData\Local\Temp\VMBuilds\ArduinoReadSDCard\mzero_bl\Debug/core.a(USBCore.cpp.o)
                0x000073e0                USBDeviceClass::flush(unsigned long)
 .text._ZN14USBDeviceClass14armRecvCtrlOUTEm
                0x0000740c       0x60 C:\Users\mk\AppData\Local\Temp\VMBuilds\ArduinoReadSDCard\mzero_bl\Debug/core.a(USBCore.cpp.o)
                0x0000740c                USBDeviceClass::armRecvCtrlOUT(unsigned long)
 .text._ZN14USBDeviceClass11recvControlEPvm
                0x0000746c       0x3c C:\Users\mk\AppData\Local\Temp\VMBuilds\ArduinoReadSDCard\mzero_bl\Debug/core.a(USBCore.cpp.o)
                0x0000746c                USBDeviceClass::recvControl(void*, unsigned long)
 .text._ZN14USBDeviceClass7armRecvEm
                0x000074a8       0x3c C:\Users\mk\AppData\Local\Temp\VMBuilds\ArduinoReadSDCard\mzero_bl\Debug/core.a(USBCore.cpp.o)
                0x000074a8                USBDeviceClass::armRecv(unsigned long)
 .text._ZN14USBDeviceClass4recvEmPvm
                0x000074e4       0xd8 C:\Users\mk\AppData\Local\Temp\VMBuilds\ArduinoReadSDCard\mzero_bl\Debug/core.a(USBCore.cpp.o)
                0x000074e4                USBDeviceClass::recv(unsigned long, void*, unsigned long)
 .text._ZN14USBDeviceClass4recvEm
                0x000075bc       0x1c C:\Users\mk\AppData\Local\Temp\VMBuilds\ArduinoReadSDCard\mzero_bl\Debug/core.a(USBCore.cpp.o)
                0x000075bc                USBDeviceClass::recv(unsigned long)
 .text._ZN14USBDeviceClass4sendEmPKvm
                0x000075d8      0x124 C:\Users\mk\AppData\Local\Temp\VMBuilds\ArduinoReadSDCard\mzero_bl\Debug/core.a(USBCore.cpp.o)
                0x000075d8                USBDeviceClass::send(unsigned long, void const*, unsigned long)
 .text._ZN14USBDeviceClass7armSendEmPKvm
                0x000076fc       0x48 C:\Users\mk\AppData\Local\Temp\VMBuilds\ArduinoReadSDCard\mzero_bl\Debug/core.a(USBCore.cpp.o)
                0x000076fc                USBDeviceClass::armSend(unsigned long, void const*, unsigned long)
 .text._ZN14USBDeviceClass11sendControlEPKvm
                0x00007744       0x58 C:\Users\mk\AppData\Local\Temp\VMBuilds\ArduinoReadSDCard\mzero_bl\Debug/core.a(USBCore.cpp.o)
                0x00007744                USBDeviceClass::sendControl(void const*, unsigned long)
 .text._ZN14USBDeviceClass20sendStringDescriptorEPKhh
                0x0000779c       0x68 C:\Users\mk\AppData\Local\Temp\VMBuilds\ArduinoReadSDCard\mzero_bl\Debug/core.a(USBCore.cpp.o)
                0x0000779c                USBDeviceClass::sendStringDescriptor(unsigned char const*, unsigned char)
 .text._ZN14USBDeviceClass12packMessagesEb.part.6
                0x00007804       0x20 C:\Users\mk\AppData\Local\Temp\VMBuilds\ArduinoReadSDCard\mzero_bl\Debug/core.a(USBCore.cpp.o)
 .text._ZN14USBDeviceClass17sendConfigurationEm
                0x00007824       0x90 C:\Users\mk\AppData\Local\Temp\VMBuilds\ArduinoReadSDCard\mzero_bl\Debug/core.a(USBCore.cpp.o)
                0x00007824                USBDeviceClass::sendConfiguration(unsigned long)
 .text._ZN14USBDeviceClass14sendDescriptorER8USBSetup
                0x000078b4       0xec C:\Users\mk\AppData\Local\Temp\VMBuilds\ArduinoReadSDCard\mzero_bl\Debug/core.a(USBCore.cpp.o)
                0x000078b4                USBDeviceClass::sendDescriptor(USBSetup&)
 .text._ZN14USBDeviceClass19handleStandardSetupER8USBSetup
                0x000079a0      0x118 C:\Users\mk\AppData\Local\Temp\VMBuilds\ArduinoReadSDCard\mzero_bl\Debug/core.a(USBCore.cpp.o)
                0x000079a0                USBDeviceClass::handleStandardSetup(USBSetup&)
 .text._ZN14USBDeviceClass10ISRHandlerEv
                0x00007ab8      0x150 C:\Users\mk\AppData\Local\Temp\VMBuilds\ArduinoReadSDCard\mzero_bl\Debug/core.a(USBCore.cpp.o)
                0x00007ab8                USBDeviceClass::ISRHandler()
 .text.UDD_Handler
                0x00007c08       0x10 C:\Users\mk\AppData\Local\Temp\VMBuilds\ArduinoReadSDCard\mzero_bl\Debug/core.a(USBCore.cpp.o)
                0x00007c08                UDD_Handler
 .text.startup._GLOBAL__sub_I__ZN20USBDevice_SAMD21G18x5resetEv
                0x00007c18       0x10 C:\Users\mk\AppData\Local\Temp\VMBuilds\ArduinoReadSDCard\mzero_bl\Debug/core.a(USBCore.cpp.o)
 .text._Znwj    0x00007c28        0x8 C:\Users\mk\AppData\Local\Temp\VMBuilds\ArduinoReadSDCard\mzero_bl\Debug/core.a(new.cpp.o)
                0x00007c28                operator new(unsigned int)
 .text._ZN10RingBufferC2Ev
                0x00007c30       0x16 C:\Users\mk\AppData\Local\Temp\VMBuilds\ArduinoReadSDCard\mzero_bl\Debug/core.a(RingBuffer.cpp.o)
                0x00007c30                RingBuffer::RingBuffer()
                0x00007c30                RingBuffer::RingBuffer()
 .text._ZN10RingBuffer10store_charEh
                0x00007c46       0x16 C:\Users\mk\AppData\Local\Temp\VMBuilds\ArduinoReadSDCard\mzero_bl\Debug/core.a(RingBuffer.cpp.o)
                0x00007c46                RingBuffer::store_char(unsigned char)
 .text._ZN10RingBuffer5clearEv
                0x00007c5c        0x8 C:\Users\mk\AppData\Local\Temp\VMBuilds\ArduinoReadSDCard\mzero_bl\Debug/core.a(RingBuffer.cpp.o)
                0x00007c5c                RingBuffer::clear()
 .text._ZN10RingBuffer9read_charEv
                0x00007c64       0x1c C:\Users\mk\AppData\Local\Temp\VMBuilds\ArduinoReadSDCard\mzero_bl\Debug/core.a(RingBuffer.cpp.o)
                0x00007c64                RingBuffer::read_char()
 .text._ZN10RingBuffer9availableEv
                0x00007c80        0xc C:\Users\mk\AppData\Local\Temp\VMBuilds\ArduinoReadSDCard\mzero_bl\Debug/core.a(RingBuffer.cpp.o)
                0x00007c80                RingBuffer::available()
 .text._ZN10RingBuffer17availableForStoreEv
                0x00007c8c       0x14 C:\Users\mk\AppData\Local\Temp\VMBuilds\ArduinoReadSDCard\mzero_bl\Debug/core.a(RingBuffer.cpp.o)
                0x00007c8c                RingBuffer::availableForStore()
 .text._ZN10RingBuffer4peekEv
                0x00007ca0       0x12 C:\Users\mk\AppData\Local\Temp\VMBuilds\ArduinoReadSDCard\mzero_bl\Debug/core.a(RingBuffer.cpp.o)
                0x00007ca0                RingBuffer::peek()
 .text._ZN10RingBuffer6isFullEv
                0x00007cb2       0x14 C:\Users\mk\AppData\Local\Temp\VMBuilds\ArduinoReadSDCard\mzero_bl\Debug/core.a(RingBuffer.cpp.o)
                0x00007cb2                RingBuffer::isFull()
 .text._ZN7Serial_17availableForWriteEv
                0x00007cc6        0x4 C:\Users\mk\AppData\Local\Temp\VMBuilds\ArduinoReadSDCard\mzero_bl\Debug/core.a(CDC.cpp.o)
                0x00007cc6                Serial_::availableForWrite()
 .text._ZN7Serial_5writeEh
                0x00007cca       0x14 C:\Users\mk\AppData\Local\Temp\VMBuilds\ArduinoReadSDCard\mzero_bl\Debug/core.a(CDC.cpp.o)
                0x00007cca                Serial_::write(unsigned char)
 .text._ZN7Serial_9availableEv
                0x00007cde        0xc C:\Users\mk\AppData\Local\Temp\VMBuilds\ArduinoReadSDCard\mzero_bl\Debug/core.a(CDC.cpp.o)
                0x00007cde                Serial_::available()
 .text._ZN7Serial_5flushEv
                0x00007cea        0xc C:\Users\mk\AppData\Local\Temp\VMBuilds\ArduinoReadSDCard\mzero_bl\Debug/core.a(CDC.cpp.o)
                0x00007cea                Serial_::flush()
 .text._ZN7Serial_5writeEPKhj
                0x00007cf6       0x1c C:\Users\mk\AppData\Local\Temp\VMBuilds\ArduinoReadSDCard\mzero_bl\Debug/core.a(CDC.cpp.o)
                0x00007cf6                Serial_::write(unsigned char const*, unsigned int)
 *fill*         0x00007d12        0x2 
 .text._ZN7Serial_4peekEv
                0x00007d14       0x1c C:\Users\mk\AppData\Local\Temp\VMBuilds\ArduinoReadSDCard\mzero_bl\Debug/core.a(CDC.cpp.o)
                0x00007d14                Serial_::peek()
 .text._ZN7Serial_4readEv
                0x00007d30       0x24 C:\Users\mk\AppData\Local\Temp\VMBuilds\ArduinoReadSDCard\mzero_bl\Debug/core.a(CDC.cpp.o)
                0x00007d30                Serial_::read()
 .text._Z16CDC_GetInterfacePh
                0x00007d54       0x1c C:\Users\mk\AppData\Local\Temp\VMBuilds\ArduinoReadSDCard\mzero_bl\Debug/core.a(CDC.cpp.o)
                0x00007d54                CDC_GetInterface(unsigned char*)
 .text._Z9CDC_SetupR8USBSetup
                0x00007d70       0x80 C:\Users\mk\AppData\Local\Temp\VMBuilds\ArduinoReadSDCard\mzero_bl\Debug/core.a(CDC.cpp.o)
                0x00007d70                CDC_Setup(USBSetup&)
 .text.startup._GLOBAL__sub_I__Z17_CDC_GetInterfacev
                0x00007df0       0x28 C:\Users\mk\AppData\Local\Temp\VMBuilds\ArduinoReadSDCard\mzero_bl\Debug/core.a(CDC.cpp.o)
 .text._ZN13PluggableUSB_12getInterfaceEPh
                0x00007e18       0x2a C:\Users\mk\AppData\Local\Temp\VMBuilds\ArduinoReadSDCard\mzero_bl\Debug/core.a(PluggableUSB.cpp.o)
                0x00007e18                PluggableUSB_::getInterface(unsigned char*)
 .text._ZN13PluggableUSB_13getDescriptorER8USBSetup
                0x00007e42       0x20 C:\Users\mk\AppData\Local\Temp\VMBuilds\ArduinoReadSDCard\mzero_bl\Debug/core.a(PluggableUSB.cpp.o)
                0x00007e42                PluggableUSB_::getDescriptor(USBSetup&)
 .text._ZN13PluggableUSB_12getShortNameEPc
                0x00007e62       0x1e C:\Users\mk\AppData\Local\Temp\VMBuilds\ArduinoReadSDCard\mzero_bl\Debug/core.a(PluggableUSB.cpp.o)
                0x00007e62                PluggableUSB_::getShortName(char*)
 .text._ZN13PluggableUSB_5setupER8USBSetup
                0x00007e80       0x24 C:\Users\mk\AppData\Local\Temp\VMBuilds\ArduinoReadSDCard\mzero_bl\Debug/core.a(PluggableUSB.cpp.o)
                0x00007e80                PluggableUSB_::setup(USBSetup&)
 .text._Z12PluggableUSBv
                0x00007ea4       0x24 C:\Users\mk\AppData\Local\Temp\VMBuilds\ArduinoReadSDCard\mzero_bl\Debug/core.a(PluggableUSB.cpp.o)
                0x00007ea4                PluggableUSB()
 .text          0x00007ec8       0x14 c:/users/mk/appdata/local/arduino15/packages/arduino/tools/arm-none-eabi-gcc/4.8.3-2014q1/bin/../lib/gcc/arm-none-eabi/4.8.3/armv6-m\libgcc.a(_thumb1_case_uqi.o)
                0x00007ec8                __gnu_thumb1_case_uqi
 .text          0x00007edc       0x9c c:/users/mk/appdata/local/arduino15/packages/arduino/tools/arm-none-eabi-gcc/4.8.3-2014q1/bin/../lib/gcc/arm-none-eabi/4.8.3/armv6-m\libgcc.a(_udivsi3.o)
                0x00007edc                __aeabi_uidiv
                0x00007edc                __udivsi3
                0x00007f64                __aeabi_uidivmod
 .text          0x00007f78        0x4 c:/users/mk/appdata/local/arduino15/packages/arduino/tools/arm-none-eabi-gcc/4.8.3-2014q1/bin/../lib/gcc/arm-none-eabi/4.8.3/armv6-m\libgcc.a(_dvmd_tls.o)
                0x00007f78                __aeabi_idiv0
                0x00007f78                __aeabi_ldiv0
 .text.__aeabi_atexit
                0x00007f7c        0xe c:/users/mk/appdata/local/arduino15/packages/arduino/tools/arm-none-eabi-gcc/4.8.3-2014q1/bin/../lib/gcc/arm-none-eabi/4.8.3/../../../../arm-none-eabi/lib/armv6-m\libc_s.a(lib_a-aeabi_atexit.o)
                0x00007f7c                __aeabi_atexit
 .text.atol     0x00007f8a        0xc c:/users/mk/appdata/local/arduino15/packages/arduino/tools/arm-none-eabi-gcc/4.8.3-2014q1/bin/../lib/gcc/arm-none-eabi/4.8.3/../../../../arm-none-eabi/lib/armv6-m\libc_s.a(lib_a-atol.o)
                0x00007f8a                atol
 *fill*         0x00007f96        0x2 
 .text.__cxa_atexit
                0x00007f98       0x20 c:/users/mk/appdata/local/arduino15/packages/arduino/tools/arm-none-eabi-gcc/4.8.3-2014q1/bin/../lib/gcc/arm-none-eabi/4.8.3/../../../../arm-none-eabi/lib/armv6-m\libc_s.a(lib_a-cxa_atexit.o)
                0x00007f98                __cxa_atexit
 .text.__libc_init_array
                0x00007fb8       0x4c c:/users/mk/appdata/local/arduino15/packages/arduino/tools/arm-none-eabi-gcc/4.8.3-2014q1/bin/../lib/gcc/arm-none-eabi/4.8.3/../../../../arm-none-eabi/lib/armv6-m\libc_s.a(lib_a-init.o)
                0x00007fb8                __libc_init_array
 .text.isspace  0x00008004       0x14 c:/users/mk/appdata/local/arduino15/packages/arduino/tools/arm-none-eabi-gcc/4.8.3-2014q1/bin/../lib/gcc/arm-none-eabi/4.8.3/../../../../arm-none-eabi/lib/armv6-m\libc_s.a(lib_a-isspace.o)
                0x00008004                isspace
 .text.malloc   0x00008018       0x14 c:/users/mk/appdata/local/arduino15/packages/arduino/tools/arm-none-eabi-gcc/4.8.3-2014q1/bin/../lib/gcc/arm-none-eabi/4.8.3/../../../../arm-none-eabi/lib/armv6-m\libc_s.a(lib_a-malloc.o)
                0x00008018                malloc
 .text.free     0x0000802c       0x14 c:/users/mk/appdata/local/arduino15/packages/arduino/tools/arm-none-eabi-gcc/4.8.3-2014q1/bin/../lib/gcc/arm-none-eabi/4.8.3/../../../../arm-none-eabi/lib/armv6-m\libc_s.a(lib_a-malloc.o)
                0x0000802c                free
 .text.memcmp   0x00008040       0x1e c:/users/mk/appdata/local/arduino15/packages/arduino/tools/arm-none-eabi-gcc/4.8.3-2014q1/bin/../lib/gcc/arm-none-eabi/4.8.3/../../../../arm-none-eabi/lib/armv6-m\libc_s.a(lib_a-memcmp.o)
                0x00008040                memcmp
 .text.memcpy   0x0000805e       0x12 c:/users/mk/appdata/local/arduino15/packages/arduino/tools/arm-none-eabi-gcc/4.8.3-2014q1/bin/../lib/gcc/arm-none-eabi/4.8.3/../../../../arm-none-eabi/lib/armv6-m\libc_s.a(lib_a-memcpy-stub.o)
                0x0000805e                memcpy
 .text.memset   0x00008070       0x10 c:/users/mk/appdata/local/arduino15/packages/arduino/tools/arm-none-eabi-gcc/4.8.3-2014q1/bin/../lib/gcc/arm-none-eabi/4.8.3/../../../../arm-none-eabi/lib/armv6-m\libc_s.a(lib_a-memset.o)
                0x00008070                memset
 .text._free_r  0x00008080       0x90 c:/users/mk/appdata/local/arduino15/packages/arduino/tools/arm-none-eabi-gcc/4.8.3-2014q1/bin/../lib/gcc/arm-none-eabi/4.8.3/../../../../arm-none-eabi/lib/armv6-m\libc_s.a(lib_a-nano-freer.o)
                0x00008080                _free_r
 .text._malloc_r
                0x00008110       0xa8 c:/users/mk/appdata/local/arduino15/packages/arduino/tools/arm-none-eabi-gcc/4.8.3-2014q1/bin/../lib/gcc/arm-none-eabi/4.8.3/../../../../arm-none-eabi/lib/armv6-m\libc_s.a(lib_a-nano-mallocr.o)
                0x00008110                _malloc_r
 .text.realloc  0x000081b8       0x18 c:/users/mk/appdata/local/arduino15/packages/arduino/tools/arm-none-eabi-gcc/4.8.3-2014q1/bin/../lib/gcc/arm-none-eabi/4.8.3/../../../../arm-none-eabi/lib/armv6-m\libc_s.a(lib_a-realloc.o)
                0x000081b8                realloc
 .text._sbrk_r  0x000081d0       0x24 c:/users/mk/appdata/local/arduino15/packages/arduino/tools/arm-none-eabi-gcc/4.8.3-2014q1/bin/../lib/gcc/arm-none-eabi/4.8.3/../../../../arm-none-eabi/lib/armv6-m\libc_s.a(lib_a-sbrkr.o)
                0x000081d0                _sbrk_r
 .text.strchr   0x000081f4       0x18 c:/users/mk/appdata/local/arduino15/packages/arduino/tools/arm-none-eabi-gcc/4.8.3-2014q1/bin/../lib/gcc/arm-none-eabi/4.8.3/../../../../arm-none-eabi/lib/armv6-m\libc_s.a(lib_a-strchr.o)
                0x000081f4                strchr
 .text          0x0000820c       0x14 c:/users/mk/appdata/local/arduino15/packages/arduino/tools/arm-none-eabi-gcc/4.8.3-2014q1/bin/../lib/gcc/arm-none-eabi/4.8.3/../../../../arm-none-eabi/lib/armv6-m\libc_s.a(lib_a-strcmp.o)
                0x0000820c                strcmp
 .text.strcpy   0x00008220       0x10 c:/users/mk/appdata/local/arduino15/packages/arduino/tools/arm-none-eabi-gcc/4.8.3-2014q1/bin/../lib/gcc/arm-none-eabi/4.8.3/../../../../arm-none-eabi/lib/armv6-m\libc_s.a(lib_a-strcpy.o)
                0x00008220                strcpy
 .text.strlen   0x00008230        0xe c:/users/mk/appdata/local/arduino15/packages/arduino/tools/arm-none-eabi-gcc/4.8.3-2014q1/bin/../lib/gcc/arm-none-eabi/4.8.3/../../../../arm-none-eabi/lib/armv6-m\libc_s.a(lib_a-strlen.o)
                0x00008230                strlen
 .text.strncpy  0x0000823e       0x28 c:/users/mk/appdata/local/arduino15/packages/arduino/tools/arm-none-eabi-gcc/4.8.3-2014q1/bin/../lib/gcc/arm-none-eabi/4.8.3/../../../../arm-none-eabi/lib/armv6-m\libc_s.a(lib_a-strncpy.o)
                0x0000823e                strncpy
 .text.strrchr  0x00008266       0x22 c:/users/mk/appdata/local/arduino15/packages/arduino/tools/arm-none-eabi-gcc/4.8.3-2014q1/bin/../lib/gcc/arm-none-eabi/4.8.3/../../../../arm-none-eabi/lib/armv6-m\libc_s.a(lib_a-strrchr.o)
                0x00008266                strrchr
 .text._strtol_r
                0x00008288      0x114 c:/users/mk/appdata/local/arduino15/packages/arduino/tools/arm-none-eabi-gcc/4.8.3-2014q1/bin/../lib/gcc/arm-none-eabi/4.8.3/../../../../arm-none-eabi/lib/armv6-m\libc_s.a(lib_a-strtol.o)
                0x00008288                _strtol_r
 .text.strtol   0x0000839c       0x1c c:/users/mk/appdata/local/arduino15/packages/arduino/tools/arm-none-eabi-gcc/4.8.3-2014q1/bin/../lib/gcc/arm-none-eabi/4.8.3/../../../../arm-none-eabi/lib/armv6-m\libc_s.a(lib_a-strtol.o)
                0x0000839c                strtol
 .text.tolower  0x000083b8       0x18 c:/users/mk/appdata/local/arduino15/packages/arduino/tools/arm-none-eabi-gcc/4.8.3-2014q1/bin/../lib/gcc/arm-none-eabi/4.8.3/../../../../arm-none-eabi/lib/armv6-m\libc_s.a(lib_a-tolower.o)
                0x000083b8                tolower
 .text._realloc_r
                0x000083d0       0x4c c:/users/mk/appdata/local/arduino15/packages/arduino/tools/arm-none-eabi-gcc/4.8.3-2014q1/bin/../lib/gcc/arm-none-eabi/4.8.3/../../../../arm-none-eabi/lib/armv6-m\libc_s.a(lib_a-nano-reallocr.o)
                0x000083d0                _realloc_r
 .text._malloc_usable_size_r
                0x0000841c       0x12 c:/users/mk/appdata/local/arduino15/packages/arduino/tools/arm-none-eabi-gcc/4.8.3-2014q1/bin/../lib/gcc/arm-none-eabi/4.8.3/../../../../arm-none-eabi/lib/armv6-m\libc_s.a(lib_a-nano-msizer.o)
                0x0000841c                _malloc_usable_size_r
 *fill*         0x0000842e        0x2 
 .text._sbrk    0x00008430       0x34 c:/users/mk/appdata/local/arduino15/packages/arduino/tools/arm-none-eabi-gcc/4.8.3-2014q1/bin/../lib/gcc/arm-none-eabi/4.8.3/../../../../arm-none-eabi/lib/armv6-m\libnosys.a(sbrk.o)
                0x00008430                _sbrk
 *(.init)
 .init          0x00008464        0x4 c:/users/mk/appdata/local/arduino15/packages/arduino/tools/arm-none-eabi-gcc/4.8.3-2014q1/bin/../lib/gcc/arm-none-eabi/4.8.3/armv6-m/crti.o
                0x00008464                _init
 .init          0x00008468        0x8 c:/users/mk/appdata/local/arduino15/packages/arduino/tools/arm-none-eabi-gcc/4.8.3-2014q1/bin/../lib/gcc/arm-none-eabi/4.8.3/armv6-m/crtn.o
 *(.fini)
 .fini          0x00008470        0x4 c:/users/mk/appdata/local/arduino15/packages/arduino/tools/arm-none-eabi-gcc/4.8.3-2014q1/bin/../lib/gcc/arm-none-eabi/4.8.3/armv6-m/crti.o
                0x00008470                _fini
 .fini          0x00008474        0x8 c:/users/mk/appdata/local/arduino15/packages/arduino/tools/arm-none-eabi-gcc/4.8.3-2014q1/bin/../lib/gcc/arm-none-eabi/4.8.3/armv6-m/crtn.o
 *crtbegin.o(.ctors)
 *crtbegin?.o(.ctors)
 *(EXCLUDE_FILE(*crtend.o *crtend?.o) .ctors)
 *(SORT(.ctors.*))
 *(.ctors)
 *crtbegin.o(.dtors)
 *crtbegin?.o(.dtors)
 *(EXCLUDE_FILE(*crtend.o *crtend?.o) .dtors)
 *(SORT(.dtors.*))
 *(.dtors)
 *(.rodata*)
 .rodata.str1.1
                0x0000847c       0xc2 C:\Users\mk\AppData\Local\Temp\VMBuilds\ArduinoReadSDCard\mzero_bl\Debug\ArduinoReadSDCard.cpp.o
                                 0xca (size before relaxing)
 *fill*         0x0000853e        0x2 
 .rodata._ZTVN5SDLib4FileE
                0x00008540       0x28 C:\Users\mk\AppData\Local\Temp\VMBuilds\ArduinoReadSDCard\mzero_bl\Debug\SD\File.cpp.o
                0x00008540                vtable for SDLib::File
 .rodata.str1.1
                0x00008568        0x2 C:\Users\mk\AppData\Local\Temp\VMBuilds\ArduinoReadSDCard\mzero_bl\Debug\SD\SD.cpp.o
 .rodata.str1.1
                0x0000856a       0x10 C:\Users\mk\AppData\Local\Temp\VMBuilds\ArduinoReadSDCard\mzero_bl\Debug\SD\utility\SdFile.cpp.o
 *fill*         0x0000857a        0x6 
 .rodata._ZTV6SdFile
                0x00008580       0x18 C:\Users\mk\AppData\Local\Temp\VMBuilds\ArduinoReadSDCard\mzero_bl\Debug\SD\utility\SdFile.cpp.o
                0x00008580                vtable for SdFile
 .rodata.g_APinDescription
                0x00008598      0x480 C:\Users\mk\AppData\Local\Temp\VMBuilds\ArduinoReadSDCard\mzero_bl\Debug\variant\variant.cpp.o
                0x00008598                g_APinDescription
 .rodata.str1.1
                0x00008a18        0xf C:\Users\mk\AppData\Local\Temp\VMBuilds\ArduinoReadSDCard\mzero_bl\Debug/core.a(Print.cpp.o)
 .rodata.str1.1
                0x00000000        0x1 C:\Users\mk\AppData\Local\Temp\VMBuilds\ArduinoReadSDCard\mzero_bl\Debug/core.a(Stream.cpp.o)
 *fill*         0x00008a27        0x1 
 .rodata._ZTV4Uart
                0x00008a28       0x38 C:\Users\mk\AppData\Local\Temp\VMBuilds\ArduinoReadSDCard\mzero_bl\Debug/core.a(Uart.cpp.o)
                0x00008a28                vtable for Uart
 .rodata.str1.1
                0x00000000        0x1 C:\Users\mk\AppData\Local\Temp\VMBuilds\ArduinoReadSDCard\mzero_bl\Debug/core.a(WString.cpp.o)
 .rodata._ZTV26DoubleBufferedEPOutHandler
                0x00008a60       0x18 C:\Users\mk\AppData\Local\Temp\VMBuilds\ArduinoReadSDCard\mzero_bl\Debug/core.a(USBCore.cpp.o)
                0x00008a60                vtable for DoubleBufferedEPOutHandler
 .rodata._ZL19STRING_MANUFACTURER
                0x00008a78        0x8 C:\Users\mk\AppData\Local\Temp\VMBuilds\ArduinoReadSDCard\mzero_bl\Debug/core.a(USBCore.cpp.o)
 .rodata._ZL15STRING_LANGUAGE
                0x00008a80        0x4 C:\Users\mk\AppData\Local\Temp\VMBuilds\ArduinoReadSDCard\mzero_bl\Debug/core.a(USBCore.cpp.o)
 .rodata._ZL21USB_DeviceDescriptorB
                0x00008a84       0x12 C:\Users\mk\AppData\Local\Temp\VMBuilds\ArduinoReadSDCard\mzero_bl\Debug/core.a(USBCore.cpp.o)
 .rodata._ZL14STRING_PRODUCT
                0x00008a96        0xb C:\Users\mk\AppData\Local\Temp\VMBuilds\ArduinoReadSDCard\mzero_bl\Debug/core.a(USBCore.cpp.o)
 *fill*         0x00008aa1        0x7 
 .rodata._ZTV7Serial_
                0x00008aa8       0x28 C:\Users\mk\AppData\Local\Temp\VMBuilds\ArduinoReadSDCard\mzero_bl\Debug/core.a(CDC.cpp.o)
                0x00008aa8                vtable for Serial_
 .rodata.str1.1
                0x00008ad0        0x2 c:/users/mk/appdata/local/arduino15/packages/arduino/tools/arm-none-eabi-gcc/4.8.3-2014q1/bin/../lib/gcc/arm-none-eabi/4.8.3/../../../../arm-none-eabi/lib/armv6-m\libc_s.a(lib_a-impure.o)
 .rodata._ctype_
                0x00008ad2      0x101 c:/users/mk/appdata/local/arduino15/packages/arduino/tools/arm-none-eabi-gcc/4.8.3-2014q1/bin/../lib/gcc/arm-none-eabi/4.8.3/../../../../arm-none-eabi/lib/armv6-m\libc_s.a(lib_a-ctype_.o)
                0x00008ad2                _ctype_
 *fill*         0x00008bd3        0x1 
 .rodata.__sf_fake_stdin
                0x00008bd4       0x20 c:/users/mk/appdata/local/arduino15/packages/arduino/tools/arm-none-eabi-gcc/4.8.3-2014q1/bin/../lib/gcc/arm-none-eabi/4.8.3/../../../../arm-none-eabi/lib/armv6-m\libc_s.a(lib_a-findfp.o)
                0x00008bd4                __sf_fake_stdin
 .rodata.__sf_fake_stdout
                0x00008bf4       0x20 c:/users/mk/appdata/local/arduino15/packages/arduino/tools/arm-none-eabi-gcc/4.8.3-2014q1/bin/../lib/gcc/arm-none-eabi/4.8.3/../../../../arm-none-eabi/lib/armv6-m\libc_s.a(lib_a-findfp.o)
                0x00008bf4                __sf_fake_stdout
 .rodata.__sf_fake_stderr
                0x00008c14       0x20 c:/users/mk/appdata/local/arduino15/packages/arduino/tools/arm-none-eabi-gcc/4.8.3-2014q1/bin/../lib/gcc/arm-none-eabi/4.8.3/../../../../arm-none-eabi/lib/armv6-m\libc_s.a(lib_a-findfp.o)
                0x00008c14                __sf_fake_stderr
 *(.eh_frame*)
 .eh_frame      0x00008c34        0x0 c:/users/mk/appdata/local/arduino15/packages/arduino/tools/arm-none-eabi-gcc/4.8.3-2014q1/bin/../lib/gcc/arm-none-eabi/4.8.3/armv6-m/crtbegin.o
 .eh_frame      0x00008c34        0x4 c:/users/mk/appdata/local/arduino15/packages/arduino/tools/arm-none-eabi-gcc/4.8.3-2014q1/bin/../lib/gcc/arm-none-eabi/4.8.3/armv6-m/crtend.o

.glue_7         0x00008c38        0x0
 .glue_7        0x00000000        0x0 linker stubs

.glue_7t        0x00008c38        0x0
 .glue_7t       0x00000000        0x0 linker stubs

.vfp11_veneer   0x00008c38        0x0
 .vfp11_veneer  0x00000000        0x0 linker stubs

.v4_bx          0x00008c38        0x0
 .v4_bx         0x00000000        0x0 linker stubs

.iplt           0x00008c38        0x0
 .iplt          0x00000000        0x0 c:/users/mk/appdata/local/arduino15/packages/arduino/tools/arm-none-eabi-gcc/4.8.3-2014q1/bin/../lib/gcc/arm-none-eabi/4.8.3/armv6-m/crtbegin.o

.rel.dyn        0x00008c38        0x0
 .rel.iplt      0x00000000        0x0 c:/users/mk/appdata/local/arduino15/packages/arduino/tools/arm-none-eabi-gcc/4.8.3-2014q1/bin/../lib/gcc/arm-none-eabi/4.8.3/armv6-m/crtbegin.o

.ARM.extab
 *(.ARM.extab* .gnu.linkonce.armextab.*)
                0x00008c38                __exidx_start = .

.ARM.exidx
 *(.ARM.exidx* .gnu.linkonce.armexidx.*)
                0x00008c38                __exidx_end = .
                0x00008c38                __etext = .

.data           0x20000000      0x11c load address 0x00008c38
                0x20000000                __data_start__ = .
 *(vtable)
 *(.data*)
 .data          0x20000000        0x4 c:/users/mk/appdata/local/arduino15/packages/arduino/tools/arm-none-eabi-gcc/4.8.3-2014q1/bin/../lib/gcc/arm-none-eabi/4.8.3/armv6-m/crtbegin.o
                0x20000000                __dso_handle
 .data._ZN8SdVolume17cacheBlockNumber_E
                0x20000004        0x4 C:\Users\mk\AppData\Local\Temp\VMBuilds\ArduinoReadSDCard\mzero_bl\Debug\SD\utility\SdVolume.cpp.o
                0x20000004                SdVolume::cacheBlockNumber_
 .data.SystemCoreClock
                0x20000008        0x4 C:\Users\mk\AppData\Local\Temp\VMBuilds\ArduinoReadSDCard\mzero_bl\Debug/core.a(wiring.c.o)
                0x20000008                SystemCoreClock
 .data._ZL5ticks
                0x2000000c        0x4 C:\Users\mk\AppData\Local\Temp\VMBuilds\ArduinoReadSDCard\mzero_bl\Debug/core.a(Reset.cpp.o)
 .data.EndPoints
                0x20000010       0x28 C:\Users\mk\AppData\Local\Temp\VMBuilds\ArduinoReadSDCard\mzero_bl\Debug/core.a(USBCore.cpp.o)
                0x20000010                EndPoints
 .data._ZL12_usbLineInfo
                0x20000038        0x8 C:\Users\mk\AppData\Local\Temp\VMBuilds\ArduinoReadSDCard\mzero_bl\Debug/core.a(CDC.cpp.o)
 .data._ZL10breakValue
                0x20000040        0x4 C:\Users\mk\AppData\Local\Temp\VMBuilds\ArduinoReadSDCard\mzero_bl\Debug/core.a(CDC.cpp.o)
 .data._ZL13_cdcInterface
                0x20000044       0x42 C:\Users\mk\AppData\Local\Temp\VMBuilds\ArduinoReadSDCard\mzero_bl\Debug/core.a(CDC.cpp.o)
 *fill*         0x20000086        0x2 
 .data._serialPeek
                0x20000088        0x4 C:\Users\mk\AppData\Local\Temp\VMBuilds\ArduinoReadSDCard\mzero_bl\Debug/core.a(CDC.cpp.o)
                0x20000088                _serialPeek
 .data.impure_data
                0x2000008c       0x60 c:/users/mk/appdata/local/arduino15/packages/arduino/tools/arm-none-eabi-gcc/4.8.3-2014q1/bin/../lib/gcc/arm-none-eabi/4.8.3/../../../../arm-none-eabi/lib/armv6-m\libc_s.a(lib_a-impure.o)
 .data._impure_ptr
                0x200000ec        0x4 c:/users/mk/appdata/local/arduino15/packages/arduino/tools/arm-none-eabi-gcc/4.8.3-2014q1/bin/../lib/gcc/arm-none-eabi/4.8.3/../../../../arm-none-eabi/lib/armv6-m\libc_s.a(lib_a-impure.o)
                0x200000ec                _impure_ptr
 .data.__ctype_ptr__
                0x200000f0        0x4 c:/users/mk/appdata/local/arduino15/packages/arduino/tools/arm-none-eabi-gcc/4.8.3-2014q1/bin/../lib/gcc/arm-none-eabi/4.8.3/../../../../arm-none-eabi/lib/armv6-m\libc_s.a(lib_a-ctype_.o)
                0x200000f0                __ctype_ptr__
                0x200000f4                . = ALIGN (0x4)
                0x200000f4                PROVIDE (__preinit_array_start, .)
 *(.preinit_array)
                0x200000f4                PROVIDE (__preinit_array_end, .)
                0x200000f4                . = ALIGN (0x4)
                0x200000f4                PROVIDE (__init_array_start, .)
 *(SORT(.init_array.*))
 *(.init_array)
 .init_array    0x200000f4        0x4 c:/users/mk/appdata/local/arduino15/packages/arduino/tools/arm-none-eabi-gcc/4.8.3-2014q1/bin/../lib/gcc/arm-none-eabi/4.8.3/armv6-m/crtbegin.o
 .init_array    0x200000f8        0x4 C:\Users\mk\AppData\Local\Temp\VMBuilds\ArduinoReadSDCard\mzero_bl\Debug\ArduinoReadSDCard.cpp.o
 .init_array    0x200000fc        0x4 C:\Users\mk\AppData\Local\Temp\VMBuilds\ArduinoReadSDCard\mzero_bl\Debug\SD\SD.cpp.o
 .init_array    0x20000100        0x4 C:\Users\mk\AppData\Local\Temp\VMBuilds\ArduinoReadSDCard\mzero_bl\Debug\SD\utility\Sd2Card.cpp.o
 .init_array    0x20000104        0x4 C:\Users\mk\AppData\Local\Temp\VMBuilds\ArduinoReadSDCard\mzero_bl\Debug\SPI\SPI.cpp.o
 .init_array    0x20000108        0x4 C:\Users\mk\AppData\Local\Temp\VMBuilds\ArduinoReadSDCard\mzero_bl\Debug\variant\variant.cpp.o
 .init_array    0x2000010c        0x4 C:\Users\mk\AppData\Local\Temp\VMBuilds\ArduinoReadSDCard\mzero_bl\Debug/core.a(USBCore.cpp.o)
 .init_array    0x20000110        0x4 C:\Users\mk\AppData\Local\Temp\VMBuilds\ArduinoReadSDCard\mzero_bl\Debug/core.a(CDC.cpp.o)
                0x20000114                PROVIDE (__init_array_end, .)
                0x20000114                . = ALIGN (0x4)
                0x20000114                PROVIDE (__fini_array_start, .)
 *(SORT(.fini_array.*))
 *(.fini_array)
 .fini_array    0x20000114        0x4 c:/users/mk/appdata/local/arduino15/packages/arduino/tools/arm-none-eabi-gcc/4.8.3-2014q1/bin/../lib/gcc/arm-none-eabi/4.8.3/armv6-m/crtbegin.o
                0x20000118                PROVIDE (__fini_array_end, .)
 *(.jcr*)
 .jcr           0x20000118        0x0 c:/users/mk/appdata/local/arduino15/packages/arduino/tools/arm-none-eabi-gcc/4.8.3-2014q1/bin/../lib/gcc/arm-none-eabi/4.8.3/armv6-m/crtbegin.o
 .jcr           0x20000118        0x4 c:/users/mk/appdata/local/arduino15/packages/arduino/tools/arm-none-eabi-gcc/4.8.3-2014q1/bin/../lib/gcc/arm-none-eabi/4.8.3/armv6-m/crtend.o
                0x2000011c                . = ALIGN (0x4)
                0x2000011c                __data_end__ = .

.igot.plt       0x2000011c        0x0 load address 0x00008d54
 .igot.plt      0x00000000        0x0 c:/users/mk/appdata/local/arduino15/packages/arduino/tools/arm-none-eabi-gcc/4.8.3-2014q1/bin/../lib/gcc/arm-none-eabi/4.8.3/armv6-m/crtbegin.o

.bss            0x2000011c      0xaa4 load address 0x00008d54
                0x2000011c                . = ALIGN (0x4)
                0x2000011c                __bss_start__ = .
 *(.bss*)
 .bss           0x2000011c       0x1c c:/users/mk/appdata/local/arduino15/packages/arduino/tools/arm-none-eabi-gcc/4.8.3-2014q1/bin/../lib/gcc/arm-none-eabi/4.8.3/armv6-m/crtbegin.o
 .bss._ZL11commandText
                0x20000138       0x3c C:\Users\mk\AppData\Local\Temp\VMBuilds\ArduinoReadSDCard\mzero_bl\Debug\ArduinoReadSDCard.cpp.o
 .bss._ZL10actionText
                0x20000174       0x24 C:\Users\mk\AppData\Local\Temp\VMBuilds\ArduinoReadSDCard\mzero_bl\Debug\ArduinoReadSDCard.cpp.o
 .bss._ZN5SDLib2SDE
                0x20000198       0x64 C:\Users\mk\AppData\Local\Temp\VMBuilds\ArduinoReadSDCard\mzero_bl\Debug\SD\SD.cpp.o
                0x20000198                SDLib::SD
 .bss._ZL8settings
                0x200001fc        0x8 C:\Users\mk\AppData\Local\Temp\VMBuilds\ArduinoReadSDCard\mzero_bl\Debug\SD\utility\Sd2Card.cpp.o
 .bss._ZL20chip_select_asserted
                0x20000204        0x1 C:\Users\mk\AppData\Local\Temp\VMBuilds\ArduinoReadSDCard\mzero_bl\Debug\SD\utility\Sd2Card.cpp.o
 *fill*         0x20000205        0x3 
 .bss._ZN6SdFile9dateTime_E
                0x20000208        0x4 C:\Users\mk\AppData\Local\Temp\VMBuilds\ArduinoReadSDCard\mzero_bl\Debug\SD\utility\SdFile.cpp.o
                0x20000208                SdFile::dateTime_
 .bss._ZN8SdVolume17cacheMirrorBlock_E
                0x2000020c        0x4 C:\Users\mk\AppData\Local\Temp\VMBuilds\ArduinoReadSDCard\mzero_bl\Debug\SD\utility\SdVolume.cpp.o
                0x2000020c                SdVolume::cacheMirrorBlock_
 .bss._ZN8SdVolume7sdCard_E
                0x20000210        0x4 C:\Users\mk\AppData\Local\Temp\VMBuilds\ArduinoReadSDCard\mzero_bl\Debug\SD\utility\SdVolume.cpp.o
                0x20000210                SdVolume::sdCard_
 .bss._ZN8SdVolume12cacheBuffer_E
                0x20000214      0x200 C:\Users\mk\AppData\Local\Temp\VMBuilds\ArduinoReadSDCard\mzero_bl\Debug\SD\utility\SdVolume.cpp.o
                0x20000214                SdVolume::cacheBuffer_
 .bss._ZN8SdVolume11cacheDirty_E
                0x20000414        0x1 C:\Users\mk\AppData\Local\Temp\VMBuilds\ArduinoReadSDCard\mzero_bl\Debug\SD\utility\SdVolume.cpp.o
                0x20000414                SdVolume::cacheDirty_
 *fill*         0x20000415        0x3 
 .bss._ZL20DEFAULT_SPI_SETTINGS
                0x20000418        0x8 C:\Users\mk\AppData\Local\Temp\VMBuilds\ArduinoReadSDCard\mzero_bl\Debug\SPI\SPI.cpp.o
 .bss.SPI       0x20000420       0x10 C:\Users\mk\AppData\Local\Temp\VMBuilds\ArduinoReadSDCard\mzero_bl\Debug\SPI\SPI.cpp.o
                0x20000420                SPI
 .bss.Serial    0x20000430       0xbc C:\Users\mk\AppData\Local\Temp\VMBuilds\ArduinoReadSDCard\mzero_bl\Debug\variant\variant.cpp.o
                0x20000430                Serial
 .bss.Serial1   0x200004ec       0xbc C:\Users\mk\AppData\Local\Temp\VMBuilds\ArduinoReadSDCard\mzero_bl\Debug\variant\variant.cpp.o
                0x200004ec                Serial1
 .bss.sercom3   0x200005a8        0x4 C:\Users\mk\AppData\Local\Temp\VMBuilds\ArduinoReadSDCard\mzero_bl\Debug\variant\variant.cpp.o
                0x200005a8                sercom3
 .bss.sercom0   0x200005ac        0x4 C:\Users\mk\AppData\Local\Temp\VMBuilds\ArduinoReadSDCard\mzero_bl\Debug\variant\variant.cpp.o
                0x200005ac                sercom0
 .bss.sercom1   0x200005b0        0x4 C:\Users\mk\AppData\Local\Temp\VMBuilds\ArduinoReadSDCard\mzero_bl\Debug\variant\variant.cpp.o
                0x200005b0                sercom1
 .bss.sercom2   0x200005b4        0x4 C:\Users\mk\AppData\Local\Temp\VMBuilds\ArduinoReadSDCard\mzero_bl\Debug\variant\variant.cpp.o
                0x200005b4                sercom2
 .bss.sercom4   0x200005b8        0x4 C:\Users\mk\AppData\Local\Temp\VMBuilds\ArduinoReadSDCard\mzero_bl\Debug\variant\variant.cpp.o
                0x200005b8                sercom4
 .bss.sercom5   0x200005bc        0x4 C:\Users\mk\AppData\Local\Temp\VMBuilds\ArduinoReadSDCard\mzero_bl\Debug\variant\variant.cpp.o
                0x200005bc                sercom5
 .bss.usb_isr   0x200005c0        0x4 C:\Users\mk\AppData\Local\Temp\VMBuilds\ArduinoReadSDCard\mzero_bl\Debug/core.a(cortex_handlers.c.o)
 .bss._ulTickCount
                0x200005c4        0x4 C:\Users\mk\AppData\Local\Temp\VMBuilds\ArduinoReadSDCard\mzero_bl\Debug/core.a(delay.c.o)
 .bss._ZZN6StringixEjE19dummy_writable_char
                0x200005c8        0x1 C:\Users\mk\AppData\Local\Temp\VMBuilds\ArduinoReadSDCard\mzero_bl\Debug/core.a(WString.cpp.o)
 .bss._ZL14isEndpointHalt
                0x200005c9        0x1 C:\Users\mk\AppData\Local\Temp\VMBuilds\ArduinoReadSDCard\mzero_bl\Debug/core.a(USBCore.cpp.o)
 .bss._pack_buffer
                0x200005ca      0x100 C:\Users\mk\AppData\Local\Temp\VMBuilds\ArduinoReadSDCard\mzero_bl\Debug/core.a(USBCore.cpp.o)
                0x200005ca                _pack_buffer
 .bss._pack_size
                0x200006ca        0x2 C:\Users\mk\AppData\Local\Temp\VMBuilds\ArduinoReadSDCard\mzero_bl\Debug/core.a(USBCore.cpp.o)
                0x200006ca                _pack_size
 .bss._ZL20LastTransmitTimedOut
                0x200006cc        0x7 C:\Users\mk\AppData\Local\Temp\VMBuilds\ArduinoReadSDCard\mzero_bl\Debug/core.a(USBCore.cpp.o)
 *fill*         0x200006d3        0x1 
 .bss._ZL22udd_ep_in_cache_buffer
                0x200006d4      0x1c0 C:\Users\mk\AppData\Local\Temp\VMBuilds\ArduinoReadSDCard\mzero_bl\Debug/core.a(USBCore.cpp.o)
 .bss._ZL10txLEDPulse
                0x20000894        0x1 C:\Users\mk\AppData\Local\Temp\VMBuilds\ArduinoReadSDCard\mzero_bl\Debug/core.a(USBCore.cpp.o)
 *fill*         0x20000895        0x3 
 .bss._ZL23udd_ep_out_cache_buffer
                0x20000898      0x1c0 C:\Users\mk\AppData\Local\Temp\VMBuilds\ArduinoReadSDCard\mzero_bl\Debug/core.a(USBCore.cpp.o)
 .bss._ZL10epHandlers
                0x20000a58       0x1c C:\Users\mk\AppData\Local\Temp\VMBuilds\ArduinoReadSDCard\mzero_bl\Debug/core.a(USBCore.cpp.o)
 .bss._pack_message
                0x20000a74        0x1 C:\Users\mk\AppData\Local\Temp\VMBuilds\ArduinoReadSDCard\mzero_bl\Debug/core.a(USBCore.cpp.o)
                0x20000a74                _pack_message
 .bss._ZL21isRemoteWakeUpEnabled
                0x20000a75        0x1 C:\Users\mk\AppData\Local\Temp\VMBuilds\ArduinoReadSDCard\mzero_bl\Debug/core.a(USBCore.cpp.o)
 .bss._dry_run  0x20000a76        0x1 C:\Users\mk\AppData\Local\Temp\VMBuilds\ArduinoReadSDCard\mzero_bl\Debug/core.a(USBCore.cpp.o)
                0x20000a76                _dry_run
 .bss.USBDevice
                0x20000a77        0x1 C:\Users\mk\AppData\Local\Temp\VMBuilds\ArduinoReadSDCard\mzero_bl\Debug/core.a(USBCore.cpp.o)
                0x20000a77                USBDevice
 .bss._usbSetInterface
                0x20000a78        0x4 C:\Users\mk\AppData\Local\Temp\VMBuilds\ArduinoReadSDCard\mzero_bl\Debug/core.a(USBCore.cpp.o)
                0x20000a78                _usbSetInterface
 .bss._ZL10rxLEDPulse
                0x20000a7c        0x1 C:\Users\mk\AppData\Local\Temp\VMBuilds\ArduinoReadSDCard\mzero_bl\Debug/core.a(USBCore.cpp.o)
 *fill*         0x20000a7d        0x3 
 .bss.usbd      0x20000a80      0x104 C:\Users\mk\AppData\Local\Temp\VMBuilds\ArduinoReadSDCard\mzero_bl\Debug/core.a(USBCore.cpp.o)
                0x20000a80                usbd
 .bss._usbConfiguration
                0x20000b84        0x4 C:\Users\mk\AppData\Local\Temp\VMBuilds\ArduinoReadSDCard\mzero_bl\Debug/core.a(USBCore.cpp.o)
                0x20000b84                _usbConfiguration
 .bss.SerialUSB
                0x20000b88       0x1c C:\Users\mk\AppData\Local\Temp\VMBuilds\ArduinoReadSDCard\mzero_bl\Debug/core.a(CDC.cpp.o)
                0x20000b88                SerialUSB
 .bss._ZZ12PluggableUSBvE3obj
                0x20000ba4        0x8 C:\Users\mk\AppData\Local\Temp\VMBuilds\ArduinoReadSDCard\mzero_bl\Debug/core.a(PluggableUSB.cpp.o)
 .bss._ZGVZ12PluggableUSBvE3obj
                0x20000bac        0x4 C:\Users\mk\AppData\Local\Temp\VMBuilds\ArduinoReadSDCard\mzero_bl\Debug/core.a(PluggableUSB.cpp.o)
 .bss.__malloc_sbrk_start
                0x20000bb0        0x4 c:/users/mk/appdata/local/arduino15/packages/arduino/tools/arm-none-eabi-gcc/4.8.3-2014q1/bin/../lib/gcc/arm-none-eabi/4.8.3/../../../../arm-none-eabi/lib/armv6-m\libc_s.a(lib_a-nano-mallocr.o)
                0x20000bb0                __malloc_sbrk_start
 .bss.__malloc_free_list
                0x20000bb4        0x4 c:/users/mk/appdata/local/arduino15/packages/arduino/tools/arm-none-eabi-gcc/4.8.3-2014q1/bin/../lib/gcc/arm-none-eabi/4.8.3/../../../../arm-none-eabi/lib/armv6-m\libc_s.a(lib_a-nano-mallocr.o)
                0x20000bb4                __malloc_free_list
 .bss.heap_end.4243
                0x20000bb8        0x4 c:/users/mk/appdata/local/arduino15/packages/arduino/tools/arm-none-eabi-gcc/4.8.3-2014q1/bin/../lib/gcc/arm-none-eabi/4.8.3/../../../../arm-none-eabi/lib/armv6-m\libnosys.a(sbrk.o)
 *(COMMON)
 COMMON         0x20000bbc        0x4 c:/users/mk/appdata/local/arduino15/packages/arduino/tools/arm-none-eabi-gcc/4.8.3-2014q1/bin/../lib/gcc/arm-none-eabi/4.8.3/../../../../arm-none-eabi/lib/armv6-m\libc_s.a(lib_a-reent.o)
                0x20000bbc                errno
                0x20000bc0                . = ALIGN (0x4)
                0x20000bc0                __bss_end__ = .

.heap           0x20000bc0        0x0
                0x20000bc0                __end__ = .
                0x20000bc0                PROVIDE (end, .)
 *(.heap*)
                0x20000bc0                __HeapLimit = .

.stack_dummy    0x20000bc0        0x0
 *(.stack*)
                0x20008000                __StackTop = (ORIGIN (RAM) + 0x8000)
                0x20008000                __StackLimit = (__StackTop - SIZEOF (.stack_dummy))
                0x20008000                PROVIDE (__stack, __StackTop)
                0x20007fff                __ram_end__ = ((ORIGIN (RAM) + 0x8000) - 0x1)
                0x00000001                ASSERT ((__StackLimit >= __HeapLimit), region RAM overflowed with stack)
OUTPUT(C:\Users\mk\AppData\Local\Temp\VMBuilds\ArduinoReadSDCard\mzero_bl\Debug/ArduinoReadSDCard.ino.elf elf32-littlearm)

.ARM.attributes
                0x00000000       0x28
 .ARM.attributes
                0x00000000       0x1e c:/users/mk/appdata/local/arduino15/packages/arduino/tools/arm-none-eabi-gcc/4.8.3-2014q1/bin/../lib/gcc/arm-none-eabi/4.8.3/armv6-m/crti.o
 .ARM.attributes
                0x0000001e       0x2c c:/users/mk/appdata/local/arduino15/packages/arduino/tools/arm-none-eabi-gcc/4.8.3-2014q1/bin/../lib/gcc/arm-none-eabi/4.8.3/armv6-m/crtbegin.o
 .ARM.attributes
                0x0000004a       0x32 C:\Users\mk\AppData\Local\Temp\VMBuilds\ArduinoReadSDCard\mzero_bl\Debug\ArduinoReadSDCard.cpp.o
 .ARM.attributes
                0x0000007c       0x32 C:\Users\mk\AppData\Local\Temp\VMBuilds\ArduinoReadSDCard\mzero_bl\Debug\SD\File.cpp.o
 .ARM.attributes
                0x000000ae       0x32 C:\Users\mk\AppData\Local\Temp\VMBuilds\ArduinoReadSDCard\mzero_bl\Debug\SD\SD.cpp.o
 .ARM.attributes
                0x000000e0       0x32 C:\Users\mk\AppData\Local\Temp\VMBuilds\ArduinoReadSDCard\mzero_bl\Debug\SD\utility\Sd2Card.cpp.o
 .ARM.attributes
                0x00000112       0x32 C:\Users\mk\AppData\Local\Temp\VMBuilds\ArduinoReadSDCard\mzero_bl\Debug\SD\utility\SdFile.cpp.o
 .ARM.attributes
                0x00000144       0x32 C:\Users\mk\AppData\Local\Temp\VMBuilds\ArduinoReadSDCard\mzero_bl\Debug\SD\utility\SdVolume.cpp.o
 .ARM.attributes
                0x00000176       0x32 C:\Users\mk\AppData\Local\Temp\VMBuilds\ArduinoReadSDCard\mzero_bl\Debug\SPI\SPI.cpp.o
 .ARM.attributes